Archive member included to satisfy reference by file (symbol)

../Middlewares/ST/AI/Lib\NetworkRuntime520_CM4_GCC.a(ai_platform_interface.o)
                              X-CUBE-AI/App/my_model.o (ai_platform_runtime_get_revision)
../Middlewares/ST/AI/Lib\NetworkRuntime520_CM4_GCC.a(core_mem_manager.o)
                              ../Middlewares/ST/AI/Lib\NetworkRuntime520_CM4_GCC.a(ai_platform_interface.o) (core_mem_alloc)
../Middlewares/ST/AI/Lib\NetworkRuntime520_CM4_GCC.a(core_common.o)
                              ../Middlewares/ST/AI/Lib\NetworkRuntime520_CM4_GCC.a(ai_platform_interface.o) (core_init)
../Middlewares/ST/AI/Lib\NetworkRuntime520_CM4_GCC.a(layers_conv2d_generic_float.o)
                              X-CUBE-AI/App/my_model.o (forward_dense)
../Middlewares/ST/AI/Lib\NetworkRuntime520_CM4_GCC.a(layers_nl_generic_float.o)
                              X-CUBE-AI/App/my_model.o (forward_relu)
../Middlewares/ST/AI/Lib\NetworkRuntime520_CM4_GCC.a(layers.o)
                              ../Middlewares/ST/AI/Lib\NetworkRuntime520_CM4_GCC.a(ai_platform_interface.o) (ai_check_custom_types)
../Middlewares/ST/AI/Lib\NetworkRuntime520_CM4_GCC.a(arm_mat_init_f32.o)
                              ../Middlewares/ST/AI/Lib\NetworkRuntime520_CM4_GCC.a(layers_conv2d_generic_float.o) (arm_mat_init_f32)
../Middlewares/ST/AI/Lib\NetworkRuntime520_CM4_GCC.a(ai_datatypes_format.o)
                              ../Middlewares/ST/AI/Lib\NetworkRuntime520_CM4_GCC.a(ai_platform_interface.o) (ai_array_to_buffer_fmt)
../Middlewares/ST/AI/Lib\NetworkRuntime520_CM4_GCC.a(ai_math_helpers.o)
                              ../Middlewares/ST/AI/Lib\NetworkRuntime520_CM4_GCC.a(layers_nl_generic_float.o) (ai_math_sqrt)
c:/ide/stm32cubeide_1.3.0/stm32cubeide/plugins/com.st.stm32cube.ide.mcu.externaltools.gnu-tools-for-stm32.7-2018-q2-update.win32_1.5.0.202011040924/tools/bin/../lib/gcc/arm-none-eabi/7.3.1/../../../../arm-none-eabi/lib/thumb/v7e-m/fpv4-sp/hard\libc_nano.a(lib_a-errno.o)
                              Core/Src/syscalls.o (__errno)
c:/ide/stm32cubeide_1.3.0/stm32cubeide/plugins/com.st.stm32cube.ide.mcu.externaltools.gnu-tools-for-stm32.7-2018-q2-update.win32_1.5.0.202011040924/tools/bin/../lib/gcc/arm-none-eabi/7.3.1/../../../../arm-none-eabi/lib/thumb/v7e-m/fpv4-sp/hard\libc_nano.a(lib_a-exit.o)
                              c:/ide/stm32cubeide_1.3.0/stm32cubeide/plugins/com.st.stm32cube.ide.mcu.externaltools.gnu-tools-for-stm32.7-2018-q2-update.win32_1.5.0.202011040924/tools/bin/../lib/gcc/arm-none-eabi/7.3.1/../../../../arm-none-eabi/lib/thumb/v7e-m/fpv4-sp/hard/crt0.o (exit)
c:/ide/stm32cubeide_1.3.0/stm32cubeide/plugins/com.st.stm32cube.ide.mcu.externaltools.gnu-tools-for-stm32.7-2018-q2-update.win32_1.5.0.202011040924/tools/bin/../lib/gcc/arm-none-eabi/7.3.1/../../../../arm-none-eabi/lib/thumb/v7e-m/fpv4-sp/hard\libc_nano.a(lib_a-impure.o)
                              c:/ide/stm32cubeide_1.3.0/stm32cubeide/plugins/com.st.stm32cube.ide.mcu.externaltools.gnu-tools-for-stm32.7-2018-q2-update.win32_1.5.0.202011040924/tools/bin/../lib/gcc/arm-none-eabi/7.3.1/../../../../arm-none-eabi/lib/thumb/v7e-m/fpv4-sp/hard\libc_nano.a(lib_a-exit.o) (_global_impure_ptr)
c:/ide/stm32cubeide_1.3.0/stm32cubeide/plugins/com.st.stm32cube.ide.mcu.externaltools.gnu-tools-for-stm32.7-2018-q2-update.win32_1.5.0.202011040924/tools/bin/../lib/gcc/arm-none-eabi/7.3.1/../../../../arm-none-eabi/lib/thumb/v7e-m/fpv4-sp/hard\libc_nano.a(lib_a-init.o)
                              c:/ide/stm32cubeide_1.3.0/stm32cubeide/plugins/com.st.stm32cube.ide.mcu.externaltools.gnu-tools-for-stm32.7-2018-q2-update.win32_1.5.0.202011040924/tools/bin/../lib/gcc/arm-none-eabi/7.3.1/../../../../arm-none-eabi/lib/thumb/v7e-m/fpv4-sp/hard/crt0.o (__libc_init_array)
c:/ide/stm32cubeide_1.3.0/stm32cubeide/plugins/com.st.stm32cube.ide.mcu.externaltools.gnu-tools-for-stm32.7-2018-q2-update.win32_1.5.0.202011040924/tools/bin/../lib/gcc/arm-none-eabi/7.3.1/../../../../arm-none-eabi/lib/thumb/v7e-m/fpv4-sp/hard\libc_nano.a(lib_a-malloc.o)
                              ../Middlewares/ST/AI/Lib\NetworkRuntime520_CM4_GCC.a(core_mem_manager.o) (malloc)
c:/ide/stm32cubeide_1.3.0/stm32cubeide/plugins/com.st.stm32cube.ide.mcu.externaltools.gnu-tools-for-stm32.7-2018-q2-update.win32_1.5.0.202011040924/tools/bin/../lib/gcc/arm-none-eabi/7.3.1/../../../../arm-none-eabi/lib/thumb/v7e-m/fpv4-sp/hard\libc_nano.a(lib_a-memcpy-stub.o)
                              X-CUBE-AI/App/my_model.o (memcpy)
c:/ide/stm32cubeide_1.3.0/stm32cubeide/plugins/com.st.stm32cube.ide.mcu.externaltools.gnu-tools-for-stm32.7-2018-q2-update.win32_1.5.0.202011040924/tools/bin/../lib/gcc/arm-none-eabi/7.3.1/../../../../arm-none-eabi/lib/thumb/v7e-m/fpv4-sp/hard\libc_nano.a(lib_a-memset.o)
[...]
Memory Configuration

Name             Origin             Length             Attributes
CCMRAM           0x0000000010000000 0x0000000000010000 xrw
RAM              0x0000000020000000 0x0000000000020000 xrw
FLASH            0x0000000008000000 0x0000000000100000 xr
*default*        0x0000000000000000 0xffffffffffffffff

Linker script and memory map

LOAD c:/ide/stm32cubeide_1.3.0/stm32cubeide/plugins/com.st.stm32cube.ide.mcu.externaltools.gnu-tools-for-stm32.7-2018-q2-update.win32_1.5.0.202011040924/tools/bin/../lib/gcc/arm-none-eabi/7.3.1/thumb/v7e-m/fpv4-sp/hard/crti.o
LOAD c:/ide/stm32cubeide_1.3.0/stm32cubeide/plugins/com.st.stm32cube.ide.mcu.externaltools.gnu-tools-for-stm32.7-2018-q2-update.win32_1.5.0.202011040924/tools/bin/../lib/gcc/arm-none-eabi/7.3.1/thumb/v7e-m/fpv4-sp/hard/crtbegin.o
LOAD c:/ide/stm32cubeide_1.3.0/stm32cubeide/plugins/com.st.stm32cube.ide.mcu.externaltools.gnu-tools-for-stm32.7-2018-q2-update.win32_1.5.0.202011040924/tools/bin/../lib/gcc/arm-none-eabi/7.3.1/../../../../arm-none-eabi/lib/thumb/v7e-m/fpv4-sp/hard/crt0.o
LOAD Core/Src/main.o
LOAD Core/Src/stm32f4xx_hal_msp.o
LOAD Core/Src/stm32f4xx_it.o
LOAD Core/Src/syscalls.o
LOAD Core/Src/sysmem.o
LOAD Core/Src/system_stm32f4xx.o
LOAD Core/Startup/startup_stm32f407vgtx.o
LOAD Drivers/STM32F4xx_HAL_Driver/Src/stm32f4xx_hal.o
LOAD Drivers/STM32F4xx_HAL_Driver/Src/stm32f4xx_hal_cortex.o
LOAD Drivers/STM32F4xx_HAL_Driver/Src/stm32f4xx_hal_crc.o
LOAD Drivers/STM32F4xx_HAL_Driver/Src/stm32f4xx_hal_dma.o
LOAD Drivers/STM32F4xx_HAL_Driver/Src/stm32f4xx_hal_dma_ex.o
LOAD Drivers/STM32F4xx_HAL_Driver/Src/stm32f4xx_hal_exti.o
LOAD Drivers/STM32F4xx_HAL_Driver/Src/stm32f4xx_hal_flash.o
LOAD Drivers/STM32F4xx_HAL_Driver/Src/stm32f4xx_hal_flash_ex.o
LOAD Drivers/STM32F4xx_HAL_Driver/Src/stm32f4xx_hal_flash_ramfunc.o
LOAD Drivers/STM32F4xx_HAL_Driver/Src/stm32f4xx_hal_gpio.o
LOAD Drivers/STM32F4xx_HAL_Driver/Src/stm32f4xx_hal_pwr.o
LOAD Drivers/STM32F4xx_HAL_Driver/Src/stm32f4xx_hal_pwr_ex.o
LOAD Drivers/STM32F4xx_HAL_Driver/Src/stm32f4xx_hal_rcc.o
LOAD Drivers/STM32F4xx_HAL_Driver/Src/stm32f4xx_hal_rcc_ex.o
LOAD Drivers/STM32F4xx_HAL_Driver/Src/stm32f4xx_hal_tim.o
LOAD Drivers/STM32F4xx_HAL_Driver/Src/stm32f4xx_hal_tim_ex.o
LOAD X-CUBE-AI/App/my_model.o
LOAD X-CUBE-AI/App/my_model_data.o
LOAD ../Middlewares/ST/AI/Lib\NetworkRuntime520_CM4_GCC.a
START GROUP
LOAD c:/ide/stm32cubeide_1.3.0/stm32cubeide/plugins/com.st.stm32cube.ide.mcu.externaltools.gnu-tools-for-stm32.7-2018-q2-update.win32_1.5.0.202011040924/tools/bin/../lib/gcc/arm-none-eabi/7.3.1/../../../../arm-none-eabi/lib/thumb/v7e-m/fpv4-sp/hard\libc_nano.a
LOAD c:/ide/stm32cubeide_1.3.0/stm32cubeide/plugins/com.st.stm32cube.ide.mcu.externaltools.gnu-tools-for-stm32.7-2018-q2-update.win32_1.5.0.202011040924/tools/bin/../lib/gcc/arm-none-eabi/7.3.1/../../../../arm-none-eabi/lib/thumb/v7e-m/fpv4-sp/hard\libm.a
END GROUP
START GROUP
LOAD c:/ide/stm32cubeide_1.3.0/stm32cubeide/plugins/com.st.stm32cube.ide.mcu.externaltools.gnu-tools-for-stm32.7-2018-q2-update.win32_1.5.0.202011040924/tools/bin/../lib/gcc/arm-none-eabi/7.3.1/thumb/v7e-m/fpv4-sp/hard\libgcc.a
LOAD c:/ide/stm32cubeide_1.3.0/stm32cubeide/plugins/com.st.stm32cube.ide.mcu.externaltools.gnu-tools-for-stm32.7-2018-q2-update.win32_1.5.0.202011040924/tools/bin/../lib/gcc/arm-none-eabi/7.3.1/../../../../arm-none-eabi/lib/thumb/v7e-m/fpv4-sp/hard\libc_nano.a
END GROUP
START GROUP
LOAD c:/ide/stm32cubeide_1.3.0/stm32cubeide/plugins/com.st.stm32cube.ide.mcu.externaltools.gnu-tools-for-stm32.7-2018-q2-update.win32_1.5.0.202011040924/tools/bin/../lib/gcc/arm-none-eabi/7.3.1/thumb/v7e-m/fpv4-sp/hard\libgcc.a
LOAD c:/ide/stm32cubeide_1.3.0/stm32cubeide/plugins/com.st.stm32cube.ide.mcu.externaltools.gnu-tools-for-stm32.7-2018-q2-update.win32_1.5.0.202011040924/tools/bin/../lib/gcc/arm-none-eabi/7.3.1/../../../../arm-none-eabi/lib/thumb/v7e-m/fpv4-sp/hard\libc_nano.a
LOAD c:/ide/stm32cubeide_1.3.0/stm32cubeide/plugins/com.st.stm32cube.ide.mcu.externaltools.gnu-tools-for-stm32.7-2018-q2-update.win32_1.5.0.202011040924/tools/bin/../lib/gcc/arm-none-eabi/7.3.1/../../../../arm-none-eabi/lib/thumb/v7e-m/fpv4-sp/hard\libnosys.a
END GROUP
START GROUP
LOAD c:/ide/stm32cubeide_1.3.0/stm32cubeide/plugins/com.st.stm32cube.ide.mcu.externaltools.gnu-tools-for-stm32.7-2018-q2-update.win32_1.5.0.202011040924/tools/bin/../lib/gcc/arm-none-eabi/7.3.1/thumb/v7e-m/fpv4-sp/hard\libgcc.a
LOAD c:/ide/stm32cubeide_1.3.0/stm32cubeide/plugins/com.st.stm32cube.ide.mcu.externaltools.gnu-tools-for-stm32.7-2018-q2-update.win32_1.5.0.202011040924/tools/bin/../lib/gcc/arm-none-eabi/7.3.1/../../../../arm-none-eabi/lib/thumb/v7e-m/fpv4-sp/hard\libc_nano.a
LOAD c:/ide/stm32cubeide_1.3.0/stm32cubeide/plugins/com.st.stm32cube.ide.mcu.externaltools.gnu-tools-for-stm32.7-2018-q2-update.win32_1.5.0.202011040924/tools/bin/../lib/gcc/arm-none-eabi/7.3.1/../../../../arm-none-eabi/lib/thumb/v7e-m/fpv4-sp/hard\libnosys.a
END GROUP
LOAD c:/ide/stm32cubeide_1.3.0/stm32cubeide/plugins/com.st.stm32cube.ide.mcu.externaltools.gnu-tools-for-stm32.7-2018-q2-update.win32_1.5.0.202011040924/tools/bin/../lib/gcc/arm-none-eabi/7.3.1/thumb/v7e-m/fpv4-sp/hard/crtend.o
LOAD c:/ide/stm32cubeide_1.3.0/stm32cubeide/plugins/com.st.stm32cube.ide.mcu.externaltools.gnu-tools-for-stm32.7-2018-q2-update.win32_1.5.0.202011040924/tools/bin/../lib/gcc/arm-none-eabi/7.3.1/thumb/v7e-m/fpv4-sp/hard/crtn.o
                0x0000000020020000                _estack = (ORIGIN (RAM) + LENGTH (RAM))
                0x0000000000000200                _Min_Heap_Size = 0x200
                0x0000000000000800                _Min_Stack_Size = 0x800

.isr_vector     0x0000000008000000      0x188
                0x0000000008000000                . = ALIGN (0x4)
 *(.isr_vector)
 .isr_vector    0x0000000008000000      0x188 Core/Startup/startup_stm32f407vgtx.o
                0x0000000008000000                g_pfnVectors
                0x0000000008000188                . = ALIGN (0x4)

.text           0x0000000008000188     0x365c
                0x0000000008000188                . = ALIGN (0x4)
 *(.text)
 .text          0x0000000008000188       0x40 c:/ide/stm32cubeide_1.3.0/stm32cubeide/plugins/com.st.stm32cube.ide.mcu.externaltools.gnu-tools-for-stm32.7-2018-q2-update.win32_1.5.0.202011040924/tools/bin/../lib/gcc/arm-none-eabi/7.3.1/thumb/v7e-m/fpv4-sp/hard/crtbegin.o
 .text          0x00000000080001c8      0x378 c:/ide/stm32cubeide_1.3.0/stm32cubeide/plugins/com.st.stm32cube.ide.mcu.externaltools.gnu-tools-for-stm32.7-2018-q2-update.win32_1.5.0.202011040924/tools/bin/../lib/gcc/arm-none-eabi/7.3.1/thumb/v7e-m/fpv4-sp/hard\libgcc.a(_arm_addsubdf3.o)
                0x00000000080001c8                __aeabi_drsub
                0x00000000080001d0                __aeabi_dsub
                0x00000000080001d0                __subdf3
                0x00000000080001d4                __aeabi_dadd
                0x00000000080001d4                __adddf3
                0x000000000800044c                __floatunsidf
                0x000000000800044c                __aeabi_ui2d
                0x000000000800046c                __floatsidf
                0x000000000800046c                __aeabi_i2d
                0x0000000008000490                __aeabi_f2d
                0x0000000008000490                __extendsfdf2
                0x00000000080004d4                __floatundidf
                0x00000000080004d4                __aeabi_ul2d
                0x00000000080004e4                __floatdidf
                0x00000000080004e4                __aeabi_l2d
 .text          0x0000000008000540       0xa0 c:/ide/stm32cubeide_1.3.0/stm32cubeide/plugins/com.st.stm32cube.ide.mcu.externaltools.gnu-tools-for-stm32.7-2018-q2-update.win32_1.5.0.202011040924/tools/bin/../lib/gcc/arm-none-eabi/7.3.1/thumb/v7e-m/fpv4-sp/hard\libgcc.a(_arm_truncdfsf2.o)
                0x0000000008000540                __truncdfsf2
                0x0000000008000540                __aeabi_d2f
 .text          0x00000000080005e0       0x30 c:/ide/stm32cubeide_1.3.0/stm32cubeide/plugins/com.st.stm32cube.ide.mcu.externaltools.gnu-tools-for-stm32.7-2018-q2-update.win32_1.5.0.202011040924/tools/bin/../lib/gcc/arm-none-eabi/7.3.1/thumb/v7e-m/fpv4-sp/hard\libgcc.a(_aeabi_uldivmod.o)
                0x00000000080005e0                __aeabi_uldivmod
 .text          0x0000000008000610      0x2cc c:/ide/stm32cubeide_1.3.0/stm32cubeide/plugins/com.st.stm32cube.ide.mcu.externaltools.gnu-tools-for-stm32.7-2018-q2-update.win32_1.5.0.202011040924/tools/bin/../lib/gcc/arm-none-eabi/7.3.1/thumb/v7e-m/fpv4-sp/hard\libgcc.a(_udivmoddi4.o)
                0x0000000008000610                __udivmoddi4
 .text          0x00000000080008dc        0x4 c:/ide/stm32cubeide_1.3.0/stm32cubeide/plugins/com.st.stm32cube.ide.mcu.externaltools.gnu-tools-for-stm32.7-2018-q2-update.win32_1.5.0.202011040924/tools/bin/../lib/gcc/arm-none-eabi/7.3.1/thumb/v7e-m/fpv4-sp/hard\libgcc.a(_dvmd_tls.o)
                0x00000000080008dc                __aeabi_idiv0
                0x00000000080008dc                __aeabi_ldiv0
 *(.text*)
 .text.main     0x00000000080008e0      0x480 Core/Src/main.o
                0x00000000080008e0                main
 .text.SystemClock_Config
                0x0000000008000d60       0xd4 Core/Src/main.o
                0x0000000008000d60                SystemClock_Config
 .text.MX_CRC_Init
                0x0000000008000e34       0x28 Core/Src/main.o
 .text.MX_GPIO_Init
                0x0000000008000e5c       0xa4 Core/Src/main.o
 .text.Error_Handler
                0x0000000008000f00        0x8 Core/Src/main.o
                0x0000000008000f00                Error_Handler
 .text.HAL_MspInit
                0x0000000008000f08       0x50 Core/Src/stm32f4xx_hal_msp.o
                0x0000000008000f08                HAL_MspInit
 .text.HAL_CRC_MspInit
                0x0000000008000f58       0x44 Core/Src/stm32f4xx_hal_msp.o
                0x0000000008000f58                HAL_CRC_MspInit
 .text.NMI_Handler
                0x0000000008000f9c        0x6 Core/Src/stm32f4xx_it.o
                0x0000000008000f9c                NMI_Handler
 .text.HardFault_Handler
                0x0000000008000fa2        0x6 Core/Src/stm32f4xx_it.o
                0x0000000008000fa2                HardFault_Handler
 .text.MemManage_Handler
                0x0000000008000fa8        0x6 Core/Src/stm32f4xx_it.o
                0x0000000008000fa8                MemManage_Handler
 .text.BusFault_Handler
                0x0000000008000fae        0x6 Core/Src/stm32f4xx_it.o
                0x0000000008000fae                BusFault_Handler
 .text.UsageFault_Handler
                0x0000000008000fb4        0x6 Core/Src/stm32f4xx_it.o
                0x0000000008000fb4                UsageFault_Handler
 .text.SVC_Handler
                0x0000000008000fba        0xe Core/Src/stm32f4xx_it.o
                0x0000000008000fba                SVC_Handler
 .text.DebugMon_Handler
                0x0000000008000fc8        0xe Core/Src/stm32f4xx_it.o
                0x0000000008000fc8                DebugMon_Handler
 .text.PendSV_Handler
                0x0000000008000fd6        0xe Core/Src/stm32f4xx_it.o
                0x0000000008000fd6                PendSV_Handler
 .text.SysTick_Handler
                0x0000000008000fe4        0xc Core/Src/stm32f4xx_it.o
                0x0000000008000fe4                SysTick_Handler
 .text.SystemInit
                0x0000000008000ff0       0x2c Core/Src/system_stm32f4xx.o
                0x0000000008000ff0                SystemInit
 .text.Reset_Handler
                0x000000000800101c       0x50 Core/Startup/startup_stm32f407vgtx.o
                0x000000000800101c                Reset_Handler
 .text.Default_Handler
                0x000000000800106c        0x2 Core/Startup/startup_stm32f407vgtx.o
                0x000000000800106c                RTC_Alarm_IRQHandler
                0x000000000800106c                HASH_RNG_IRQHandler
                0x000000000800106c                EXTI2_IRQHandler
                0x000000000800106c                TIM8_CC_IRQHandler
                0x000000000800106c                TIM1_CC_IRQHandler
                0x000000000800106c                DMA2_Stream5_IRQHandler
                0x000000000800106c                DMA1_Stream5_IRQHandler
                0x000000000800106c                PVD_IRQHandler
                0x000000000800106c                SDIO_IRQHandler
                0x000000000800106c                TAMP_STAMP_IRQHandler
                0x000000000800106c                CAN2_RX1_IRQHandler
                0x000000000800106c                EXTI3_IRQHandler
                0x000000000800106c                TIM8_TRG_COM_TIM14_IRQHandler
                0x000000000800106c                TIM1_UP_TIM10_IRQHandler
                0x000000000800106c                TIM8_UP_TIM13_IRQHandler
                0x000000000800106c                I2C3_ER_IRQHandler
                0x000000000800106c                EXTI0_IRQHandler
                0x000000000800106c                I2C2_EV_IRQHandler
                0x000000000800106c                DMA1_Stream2_IRQHandler
                0x000000000800106c                CAN1_RX0_IRQHandler
                0x000000000800106c                FPU_IRQHandler
                0x000000000800106c                OTG_HS_WKUP_IRQHandler
                0x000000000800106c                CAN2_SCE_IRQHandler
                0x000000000800106c                DMA2_Stream2_IRQHandler
                0x000000000800106c                SPI1_IRQHandler
                0x000000000800106c                TIM6_DAC_IRQHandler
                0x000000000800106c                TIM1_BRK_TIM9_IRQHandler
                0x000000000800106c                DCMI_IRQHandler
                0x000000000800106c                CAN2_RX0_IRQHandler
                0x000000000800106c                DMA2_Stream3_IRQHandler
                0x000000000800106c                USART6_IRQHandler
                0x000000000800106c                USART3_IRQHandler
                0x000000000800106c                CAN1_RX1_IRQHandler
                0x000000000800106c                UART5_IRQHandler
                0x000000000800106c                DMA2_Stream0_IRQHandler
                0x000000000800106c                TIM4_IRQHandler
                0x000000000800106c                I2C1_EV_IRQHandler
                0x000000000800106c                DMA1_Stream6_IRQHandler
                0x000000000800106c                DMA1_Stream1_IRQHandler
                0x000000000800106c                UART4_IRQHandler
                0x000000000800106c                TIM3_IRQHandler
                0x000000000800106c                RCC_IRQHandler
                0x000000000800106c                TIM8_BRK_TIM12_IRQHandler
                0x000000000800106c                Default_Handler
                0x000000000800106c                EXTI15_10_IRQHandler
                0x000000000800106c                ADC_IRQHandler
                0x000000000800106c                DMA1_Stream7_IRQHandler
                0x000000000800106c                TIM7_IRQHandler
                0x000000000800106c                CAN2_TX_IRQHandler
                0x000000000800106c                TIM5_IRQHandler
                0x000000000800106c                DMA2_Stream7_IRQHandler
                0x000000000800106c                I2C3_EV_IRQHandler
                0x000000000800106c                EXTI9_5_IRQHandler
                0x000000000800106c                RTC_WKUP_IRQHandler
                0x000000000800106c                ETH_WKUP_IRQHandler
                0x000000000800106c                SPI2_IRQHandler
                0x000000000800106c                OTG_HS_EP1_IN_IRQHandler
                0x000000000800106c                DMA1_Stream0_IRQHandler
                0x000000000800106c                CAN1_TX_IRQHandler
                0x000000000800106c                EXTI4_IRQHandler
                0x000000000800106c                FSMC_IRQHandler
                0x000000000800106c                ETH_IRQHandler
                0x000000000800106c                OTG_HS_EP1_OUT_IRQHandler
                0x000000000800106c                WWDG_IRQHandler
                0x000000000800106c                TIM2_IRQHandler
                0x000000000800106c                OTG_FS_WKUP_IRQHandler
                0x000000000800106c                TIM1_TRG_COM_TIM11_IRQHandler
                0x000000000800106c                OTG_HS_IRQHandler
                0x000000000800106c                EXTI1_IRQHandler
                0x000000000800106c                USART2_IRQHandler
                0x000000000800106c                I2C2_ER_IRQHandler
                0x000000000800106c                DMA2_Stream1_IRQHandler
                0x000000000800106c                CAN1_SCE_IRQHandler
                0x000000000800106c                FLASH_IRQHandler
                0x000000000800106c                DMA2_Stream4_IRQHandler
                0x000000000800106c                USART1_IRQHandler
                0x000000000800106c                OTG_FS_IRQHandler
                0x000000000800106c                SPI3_IRQHandler
                0x000000000800106c                DMA1_Stream4_IRQHandler
                0x000000000800106c                I2C1_ER_IRQHandler
                0x000000000800106c                DMA2_Stream6_IRQHandler
                0x000000000800106c                DMA1_Stream3_IRQHandler
 *fill*         0x000000000800106e        0x2 
 .text.HAL_Init
                0x0000000008001070       0x44 Drivers/STM32F4xx_HAL_Driver/Src/stm32f4xx_hal.o
                0x0000000008001070                HAL_Init
 .text.HAL_InitTick
                0x00000000080010b4       0x60 Drivers/STM32F4xx_HAL_Driver/Src/stm32f4xx_hal.o
                0x00000000080010b4                HAL_InitTick
 .text.HAL_IncTick
                0x0000000008001114       0x28 Drivers/STM32F4xx_HAL_Driver/Src/stm32f4xx_hal.o
                0x0000000008001114                HAL_IncTick
 .text.HAL_GetTick
                0x000000000800113c       0x18 Drivers/STM32F4xx_HAL_Driver/Src/stm32f4xx_hal.o
                0x000000000800113c                HAL_GetTick
 .text.__NVIC_SetPriorityGrouping
                0x0000000008001154       0x48 Drivers/STM32F4xx_HAL_Driver/Src/stm32f4xx_hal_cortex.o
 .text.__NVIC_GetPriorityGrouping
                0x000000000800119c       0x1c Drivers/STM32F4xx_HAL_Driver/Src/stm32f4xx_hal_cortex.o
 .text.__NVIC_SetPriority
                0x00000000080011b8       0x54 Drivers/STM32F4xx_HAL_Driver/Src/stm32f4xx_hal_cortex.o
 .text.NVIC_EncodePriority
                0x000000000800120c       0x66 Drivers/STM32F4xx_HAL_Driver/Src/stm32f4xx_hal_cortex.o
 *fill*         0x0000000008001272        0x2 
 .text.SysTick_Config
                0x0000000008001274       0x44 Drivers/STM32F4xx_HAL_Driver/Src/stm32f4xx_hal_cortex.o
 .text.HAL_NVIC_SetPriorityGrouping
                0x00000000080012b8       0x16 Drivers/STM32F4xx_HAL_Driver/Src/stm32f4xx_hal_cortex.o
                0x00000000080012b8                HAL_NVIC_SetPriorityGrouping
 .text.HAL_NVIC_SetPriority
                0x00000000080012ce       0x38 Drivers/STM32F4xx_HAL_Driver/Src/stm32f4xx_hal_cortex.o
                0x00000000080012ce                HAL_NVIC_SetPriority
 .text.HAL_SYSTICK_Config
                0x0000000008001306       0x18 Drivers/STM32F4xx_HAL_Driver/Src/stm32f4xx_hal_cortex.o
                0x0000000008001306                HAL_SYSTICK_Config
 .text.HAL_CRC_Init
                0x000000000800131e       0x38 Drivers/STM32F4xx_HAL_Driver/Src/stm32f4xx_hal_crc.o
                0x000000000800131e                HAL_CRC_Init
 *fill*         0x0000000008001356        0x2 
 .text.HAL_GPIO_Init
                0x0000000008001358      0x334 Drivers/STM32F4xx_HAL_Driver/Src/stm32f4xx_hal_gpio.o
                0x0000000008001358                HAL_GPIO_Init
 .text.HAL_GPIO_WritePin
                0x000000000800168c       0x32 Drivers/STM32F4xx_HAL_Driver/Src/stm32f4xx_hal_gpio.o
                0x000000000800168c                HAL_GPIO_WritePin
 *fill*         0x00000000080016be        0x2 
 .text.HAL_RCC_OscConfig
                0x00000000080016c0      0x4e0 Drivers/STM32F4xx_HAL_Driver/Src/stm32f4xx_hal_rcc.o
                0x00000000080016c0                HAL_RCC_OscConfig
 .text.HAL_RCC_ClockConfig
                0x0000000008001ba0      0x1cc Drivers/STM32F4xx_HAL_Driver/Src/stm32f4xx_hal_rcc.o
                0x0000000008001ba0                HAL_RCC_ClockConfig
 .text.HAL_RCC_GetSysClockFreq
                0x0000000008001d6c      0x1b0 Drivers/STM32F4xx_HAL_Driver/Src/stm32f4xx_hal_rcc.o
                0x0000000008001d6c                HAL_RCC_GetSysClockFreq
 .text.my_model_configure_activations
                0x0000000008001f1c       0xa4 X-CUBE-AI/App/my_model.o
 .text.my_model_configure_weights
                0x0000000008001fc0      0x100 X-CUBE-AI/App/my_model.o
 .text.ai_my_model_create
                0x00000000080020c0       0x2c X-CUBE-AI/App/my_model.o
                0x00000000080020c0                ai_my_model_create
 .text.ai_my_model_init
                0x00000000080020ec       0x7e X-CUBE-AI/App/my_model.o
                0x00000000080020ec                ai_my_model_init
 .text.ai_my_model_run
                0x000000000800216a       0x20 X-CUBE-AI/App/my_model.o
                0x000000000800216a                ai_my_model_run
 *fill*         0x000000000800218a        0x2 
 .text.ai_my_model_data_weights_get
                0x000000000800218c       0x14 X-CUBE-AI/App/my_model_data.o
                0x000000000800218c                ai_my_model_data_weights_get
 .text.unlikely._platform_network_state_setup.isra.1
                0x00000000080021a0       0x3e ../Middlewares/ST/AI/Lib\NetworkRuntime520_CM4_GCC.a(ai_platform_interface.o)
 *fill*         0x00000000080021de        0x2 
 .text.ai_platform_network_create
                0x00000000080021e0       0xb0 ../Middlewares/ST/AI/Lib\NetworkRuntime520_CM4_GCC.a(ai_platform_interface.o)
                0x00000000080021e0                ai_platform_network_create
 .text.ai_platform_network_init
                0x0000000008002290       0xfc ../Middlewares/ST/AI/Lib\NetworkRuntime520_CM4_GCC.a(ai_platform_interface.o)
                0x0000000008002290                ai_platform_network_init
 .text.ai_platform_network_post_init
                0x000000000800238c       0x90 ../Middlewares/ST/AI/Lib\NetworkRuntime520_CM4_GCC.a(ai_platform_interface.o)
                0x000000000800238c                ai_platform_network_post_init
 .text.ai_platform_network_process
                0x000000000800241c      0x414 ../Middlewares/ST/AI/Lib\NetworkRuntime520_CM4_GCC.a(ai_platform_interface.o)
                0x000000000800241c                ai_platform_network_process
 .text.core_init
                0x0000000008002830        0x4 ../Middlewares/ST/AI/Lib\NetworkRuntime520_CM4_GCC.a(core_common.o)
                0x0000000008002830                core_init
 .text.core_set_error
                0x0000000008002834       0x18 ../Middlewares/ST/AI/Lib\NetworkRuntime520_CM4_GCC.a(core_common.o)
                0x0000000008002834                core_set_error
 .text.ai_dict8_dot_array_f32
                0x000000000800284c      0x19c ../Middlewares/ST/AI/Lib\NetworkRuntime520_CM4_GCC.a(layers_conv2d_generic_float.o)
                0x000000000800284c                ai_dict8_dot_array_f32
 .text.ai_dict4_dot_array_f32
                0x00000000080029e8      0x17c ../Middlewares/ST/AI/Lib\NetworkRuntime520_CM4_GCC.a(layers_conv2d_generic_float.o)
                0x00000000080029e8                ai_dict4_dot_array_f32
 .text.forward_dense
                0x0000000008002b64      0x450 ../Middlewares/ST/AI/Lib\NetworkRuntime520_CM4_GCC.a(layers_conv2d_generic_float.o)
                0x0000000008002b64                forward_dense
 .text.nl_func_relu_generic_array_f32
                0x0000000008002fb4       0xf8 ../Middlewares/ST/AI/Lib\NetworkRuntime520_CM4_GCC.a(layers_nl_generic_float.o)
                0x0000000008002fb4                nl_func_relu_generic_array_f32
 .text.forward_relu
                0x00000000080030ac      0x120 ../Middlewares/ST/AI/Lib\NetworkRuntime520_CM4_GCC.a(layers_nl_generic_float.o)
                0x00000000080030ac                forward_relu
 .text.forward_sm
                0x00000000080031cc      0x12c ../Middlewares/ST/AI/Lib\NetworkRuntime520_CM4_GCC.a(layers_nl_generic_float.o)
                0x00000000080031cc                forward_sm
 .text.ai_check_custom_types
                0x00000000080032f8       0x54 ../Middlewares/ST/AI/Lib\NetworkRuntime520_CM4_GCC.a(layers.o)
                0x00000000080032f8                ai_check_custom_types
 .text.ai_layers_forward_all
                0x000000000800334c       0x74 ../Middlewares/ST/AI/Lib\NetworkRuntime520_CM4_GCC.a(layers.o)
                0x000000000800334c                ai_layers_forward_all
 .text.ai_array_to_buffer_fmt
                0x00000000080033c0       0x98 ../Middlewares/ST/AI/Lib\NetworkRuntime520_CM4_GCC.a(ai_datatypes_format.o)
                0x00000000080033c0                ai_array_to_buffer_fmt
 .text.ai_array_get_byte_size
                0x0000000008003458       0x44 ../Middlewares/ST/AI/Lib\NetworkRuntime520_CM4_GCC.a(ai_datatypes_format.o)
                0x0000000008003458                ai_array_get_byte_size
 .text.__errno  0x000000000800349c        0xc c:/ide/stm32cubeide_1.3.0/stm32cubeide/plugins/com.st.stm32cube.ide.mcu.externaltools.gnu-tools-for-stm32.7-2018-q2-update.win32_1.5.0.202011040924/tools/bin/../lib/gcc/arm-none-eabi/7.3.1/../../../../arm-none-eabi/lib/thumb/v7e-m/fpv4-sp/hard\libc_nano.a(lib_a-errno.o)
                0x000000000800349c                __errno
 .text.__libc_init_array
                0x00000000080034a8       0x48 c:/ide/stm32cubeide_1.3.0/stm32cubeide/plugins/com.st.stm32cube.ide.mcu.externaltools.gnu-tools-for-stm32.7-2018-q2-update.win32_1.5.0.202011040924/tools/bin/../lib/gcc/arm-none-eabi/7.3.1/../../../../arm-none-eabi/lib/thumb/v7e-m/fpv4-sp/hard\libc_nano.a(lib_a-init.o)
                0x00000000080034a8                __libc_init_array
 .text.memcpy   0x00000000080034f0       0x16 c:/ide/stm32cubeide_1.3.0/stm32cubeide/plugins/com.st.stm32cube.ide.mcu.externaltools.gnu-tools-for-stm32.7-2018-q2-update.win32_1.5.0.202011040924/tools/bin/../lib/gcc/arm-none-eabi/7.3.1/../../../../arm-none-eabi/lib/thumb/v7e-m/fpv4-sp/hard\libc_nano.a(lib_a-memcpy-stub.o)
                0x00000000080034f0                memcpy
 .text.memset   0x0000000008003506       0x10 c:/ide/stm32cubeide_1.3.0/stm32cubeide/plugins/com.st.stm32cube.ide.mcu.externaltools.gnu-tools-for-stm32.7-2018-q2-update.win32_1.5.0.202011040924/tools/bin/../lib/gcc/arm-none-eabi/7.3.1/../../../../arm-none-eabi/lib/thumb/v7e-m/fpv4-sp/hard\libc_nano.a(lib_a-memset.o)
                0x0000000008003506                memset
 *fill*         0x0000000008003516        0x2 
 .text.expf     0x0000000008003518       0xf4 c:/ide/stm32cubeide_1.3.0/stm32cubeide/plugins/com.st.stm32cube.ide.mcu.externaltools.gnu-tools-for-stm32.7-2018-q2-update.win32_1.5.0.202011040924/tools/bin/../lib/gcc/arm-none-eabi/7.3.1/../../../../arm-none-eabi/lib/thumb/v7e-m/fpv4-sp/hard\libm.a(lib_a-wf_exp.o)
                0x0000000008003518                expf
 .text.__ieee754_expf
                0x000000000800360c      0x1a8 c:/ide/stm32cubeide_1.3.0/stm32cubeide/plugins/com.st.stm32cube.ide.mcu.externaltools.gnu-tools-for-stm32.7-2018-q2-update.win32_1.5.0.202011040924/tools/bin/../lib/gcc/arm-none-eabi/7.3.1/../../../../arm-none-eabi/lib/thumb/v7e-m/fpv4-sp/hard\libm.a(lib_a-ef_exp.o)
                0x000000000800360c                __ieee754_expf
 .text.matherr  0x00000000080037b4        0x4 c:/ide/stm32cubeide_1.3.0/stm32cubeide/plugins/com.st.stm32cube.ide.mcu.externaltools.gnu-tools-for-stm32.7-2018-q2-update.win32_1.5.0.202011040924/tools/bin/../lib/gcc/arm-none-eabi/7.3.1/../../../../arm-none-eabi/lib/thumb/v7e-m/fpv4-sp/hard\libm.a(lib_a-s_matherr.o)
                0x00000000080037b4                matherr
 .text.finitef  0x00000000080037b8       0x14 c:/ide/stm32cubeide_1.3.0/stm32cubeide/plugins/com.st.stm32cube.ide.mcu.externaltools.gnu-tools-for-stm32.7-2018-q2-update.win32_1.5.0.202011040924/tools/bin/../lib/gcc/arm-none-eabi/7.3.1/../../../../arm-none-eabi/lib/thumb/v7e-m/fpv4-sp/hard\libm.a(lib_a-sf_finite.o)
                0x00000000080037b8                finitef
 *(.glue_7)
 .glue_7        0x00000000080037cc        0x0 linker stubs
 *(.glue_7t)
 .glue_7t       0x00000000080037cc        0x0 linker stubs
 *(.eh_frame)
 .eh_frame      0x00000000080037cc        0x0 c:/ide/stm32cubeide_1.3.0/stm32cubeide/plugins/com.st.stm32cube.ide.mcu.externaltools.gnu-tools-for-stm32.7-2018-q2-update.win32_1.5.0.202011040924/tools/bin/../lib/gcc/arm-none-eabi/7.3.1/thumb/v7e-m/fpv4-sp/hard/crtbegin.o
 *(.init)
 .init          0x00000000080037cc        0x4 c:/ide/stm32cubeide_1.3.0/stm32cubeide/plugins/com.st.stm32cube.ide.mcu.externaltools.gnu-tools-for-stm32.7-2018-q2-update.win32_1.5.0.202011040924/tools/bin/../lib/gcc/arm-none-eabi/7.3.1/thumb/v7e-m/fpv4-sp/hard/crti.o
                0x00000000080037cc                _init
 .init          0x00000000080037d0        0x8 c:/ide/stm32cubeide_1.3.0/stm32cubeide/plugins/com.st.stm32cube.ide.mcu.externaltools.gnu-tools-for-stm32.7-2018-q2-update.win32_1.5.0.202011040924/tools/bin/../lib/gcc/arm-none-eabi/7.3.1/thumb/v7e-m/fpv4-sp/hard/crtn.o
 *(.fini)
 .fini          0x00000000080037d8        0x4 c:/ide/stm32cubeide_1.3.0/stm32cubeide/plugins/com.st.stm32cube.ide.mcu.externaltools.gnu-tools-for-stm32.7-2018-q2-update.win32_1.5.0.202011040924/tools/bin/../lib/gcc/arm-none-eabi/7.3.1/thumb/v7e-m/fpv4-sp/hard/crti.o
                0x00000000080037d8                _fini
 .fini          0x00000000080037dc        0x8 c:/ide/stm32cubeide_1.3.0/stm32cubeide/plugins/com.st.stm32cube.ide.mcu.externaltools.gnu-tools-for-stm32.7-2018-q2-update.win32_1.5.0.202011040924/tools/bin/../lib/gcc/arm-none-eabi/7.3.1/thumb/v7e-m/fpv4-sp/hard/crtn.o
                0x00000000080037e4                . = ALIGN (0x4)
                0x00000000080037e4                _etext = .

.vfp11_veneer   0x00000000080037e4        0x0
 .vfp11_veneer  0x00000000080037e4        0x0 linker stubs

.v4_bx          0x00000000080037e4        0x0
 .v4_bx         0x00000000080037e4        0x0 linker stubs

.iplt           0x00000000080037e4        0x0
 .iplt          0x00000000080037e4        0x0 c:/ide/stm32cubeide_1.3.0/stm32cubeide/plugins/com.st.stm32cube.ide.mcu.externaltools.gnu-tools-for-stm32.7-2018-q2-update.win32_1.5.0.202011040924/tools/bin/../lib/gcc/arm-none-eabi/7.3.1/thumb/v7e-m/fpv4-sp/hard/crtbegin.o

.rodata         0x00000000080037e4    0x2df94
                0x00000000080037e4                . = ALIGN (0x4)
 *(.rodata)
 .rodata        0x00000000080037e4      0x124 Core/Src/main.o
 .rodata        0x0000000008003908        0x4 ../Middlewares/ST/AI/Lib\NetworkRuntime520_CM4_GCC.a(layers.o)
 *(.rodata*)
 .rodata.AHBPrescTable
                0x000000000800390c       0x10 Core/Src/system_stm32f4xx.o
                0x000000000800390c                AHBPrescTable
 .rodata.dense_1_chain
                0x000000000800391c        0x8 X-CUBE-AI/App/my_model.o
 .rodata.nl_1_chain
                0x0000000008003924        0x8 X-CUBE-AI/App/my_model.o
 .rodata.dense_2_chain
                0x000000000800392c        0x8 X-CUBE-AI/App/my_model.o
 .rodata.nl_2_chain
                0x0000000008003934        0x8 X-CUBE-AI/App/my_model.o
 .rodata.dense_3_chain
                0x000000000800393c        0x8 X-CUBE-AI/App/my_model.o
 .rodata.nl_4_chain
                0x0000000008003944        0x8 X-CUBE-AI/App/my_model.o
 .rodata.s_my_model_weights.5657
                0x000000000800394c    0x2de0c X-CUBE-AI/App/my_model_data.o
 .rodata.expf.str1.1
                0x0000000008031758        0x5 c:/ide/stm32cubeide_1.3.0/stm32cubeide/plugins/com.st.stm32cube.ide.mcu.externaltools.gnu-tools-for-stm32.7-2018-q2-update.win32_1.5.0.202011040924/tools/bin/../lib/gcc/arm-none-eabi/7.3.1/../../../../arm-none-eabi/lib/thumb/v7e-m/fpv4-sp/hard\libm.a(lib_a-wf_exp.o)
 *fill*         0x000000000803175d        0x3 
 .rodata.halF   0x0000000008031760        0x8 c:/ide/stm32cubeide_1.3.0/stm32cubeide/plugins/com.st.stm32cube.ide.mcu.externaltools.gnu-tools-for-stm32.7-2018-q2-update.win32_1.5.0.202011040924/tools/bin/../lib/gcc/arm-none-eabi/7.3.1/../../../../arm-none-eabi/lib/thumb/v7e-m/fpv4-sp/hard\libm.a(lib_a-ef_exp.o)
 .rodata.ln2HI  0x0000000008031768        0x8 c:/ide/stm32cubeide_1.3.0/stm32cubeide/plugins/com.st.stm32cube.ide.mcu.externaltools.gnu-tools-for-stm32.7-2018-q2-update.win32_1.5.0.202011040924/tools/bin/../lib/gcc/arm-none-eabi/7.3.1/../../../../arm-none-eabi/lib/thumb/v7e-m/fpv4-sp/hard\libm.a(lib_a-ef_exp.o)
 .rodata.ln2LO  0x0000000008031770        0x8 c:/ide/stm32cubeide_1.3.0/stm32cubeide/plugins/com.st.stm32cube.ide.mcu.externaltools.gnu-tools-for-stm32.7-2018-q2-update.win32_1.5.0.202011040924/tools/bin/../lib/gcc/arm-none-eabi/7.3.1/../../../../arm-none-eabi/lib/thumb/v7e-m/fpv4-sp/hard\libm.a(lib_a-ef_exp.o)
                0x0000000008031778                . = ALIGN (0x4)

.ARM.extab      0x0000000008031778        0x0
                0x0000000008031778                . = ALIGN (0x4)
 *(.ARM.extab* .gnu.linkonce.armextab.*)
                0x0000000008031778                . = ALIGN (0x4)

.ARM            0x0000000008031778        0x8
                0x0000000008031778                . = ALIGN (0x4)
                0x0000000008031778                __exidx_start = .
 *(.ARM.exidx*)
 .ARM.exidx     0x0000000008031778        0x8 c:/ide/stm32cubeide_1.3.0/stm32cubeide/plugins/com.st.stm32cube.ide.mcu.externaltools.gnu-tools-for-stm32.7-2018-q2-update.win32_1.5.0.202011040924/tools/bin/../lib/gcc/arm-none-eabi/7.3.1/thumb/v7e-m/fpv4-sp/hard\libgcc.a(_udivmoddi4.o)
                0x0000000008031780                __exidx_end = .
                0x0000000008031780                . = ALIGN (0x4)

.rel.dyn        0x0000000008031780        0x0
 .rel.iplt      0x0000000008031780        0x0 c:/ide/stm32cubeide_1.3.0/stm32cubeide/plugins/com.st.stm32cube.ide.mcu.externaltools.gnu-tools-for-stm32.7-2018-q2-update.win32_1.5.0.202011040924/tools/bin/../lib/gcc/arm-none-eabi/7.3.1/thumb/v7e-m/fpv4-sp/hard/crtbegin.o

.preinit_array  0x0000000008031780        0x0
                0x0000000008031780                . = ALIGN (0x4)
                0x0000000008031780                PROVIDE (__preinit_array_start = .)
 *(.preinit_array*)
                0x0000000008031780                PROVIDE (__preinit_array_end = .)
                0x0000000008031780                . = ALIGN (0x4)

.init_array     0x0000000008031780        0x4
                0x0000000008031780                . = ALIGN (0x4)
                0x0000000008031780                PROVIDE (__init_array_start = .)
 *(SORT_BY_NAME(.init_array.*))
 *(.init_array*)
 .init_array    0x0000000008031780        0x4 c:/ide/stm32cubeide_1.3.0/stm32cubeide/plugins/com.st.stm32cube.ide.mcu.externaltools.gnu-tools-for-stm32.7-2018-q2-update.win32_1.5.0.202011040924/tools/bin/../lib/gcc/arm-none-eabi/7.3.1/thumb/v7e-m/fpv4-sp/hard/crtbegin.o
                0x0000000008031784                PROVIDE (__init_array_end = .)
                0x0000000008031784                . = ALIGN (0x4)

.fini_array     0x0000000008031784        0x4
                0x0000000008031784                . = ALIGN (0x4)
                [!provide]                        PROVIDE (__fini_array_start = .)
 *(SORT_BY_NAME(.fini_array.*))
 *(.fini_array*)
 .fini_array    0x0000000008031784        0x4 c:/ide/stm32cubeide_1.3.0/stm32cubeide/plugins/com.st.stm32cube.ide.mcu.externaltools.gnu-tools-for-stm32.7-2018-q2-update.win32_1.5.0.202011040924/tools/bin/../lib/gcc/arm-none-eabi/7.3.1/thumb/v7e-m/fpv4-sp/hard/crtbegin.o
                [!provide]                        PROVIDE (__fini_array_end = .)
                0x0000000008031788                . = ALIGN (0x4)
                0x0000000008031788                _sidata = LOADADDR (.data)

.data           0x0000000020000000      0xad0 load address 0x0000000008031788
                0x0000000020000000                . = ALIGN (0x4)
                0x0000000020000000                _sdata = .
 *(.data)
 *(.data*)
 .data.halil_ses_mfcc_1
                0x0000000020000000      0x3a8 Core/Src/main.o
                0x0000000020000000                halil_ses_mfcc_1
 .data.SystemCoreClock
                0x00000000200003a8        0x4 Core/Src/system_stm32f4xx.o
                0x00000000200003a8                SystemCoreClock
 .data.uwTickPrio
                0x00000000200003ac        0x4 Drivers/STM32F4xx_HAL_Driver/Src/stm32f4xx_hal.o
                0x00000000200003ac                uwTickPrio
 .data.uwTickFreq
                0x00000000200003b0        0x1 Drivers/STM32F4xx_HAL_Driver/Src/stm32f4xx_hal.o
                0x00000000200003b0                uwTickFreq
 *fill*         0x00000000200003b1        0x3 
 .data.g_my_model
                0x00000000200003b4       0x60 X-CUBE-AI/App/my_model.o
 .data.dense_3_bias_array
                0x0000000020000414       0x10 X-CUBE-AI/App/my_model.o
 .data.dense_3_weights_array
                0x0000000020000424       0x10 X-CUBE-AI/App/my_model.o
 .data.dense_2_bias_array
                0x0000000020000434       0x10 X-CUBE-AI/App/my_model.o
 .data.dense_2_weights_array
                0x0000000020000444       0x10 X-CUBE-AI/App/my_model.o
 .data.dense_1_bias_array
                0x0000000020000454       0x10 X-CUBE-AI/App/my_model.o
 .data.dense_1_weights_array
                0x0000000020000464       0x10 X-CUBE-AI/App/my_model.o
 .data.flatten_4_input_output_array
                0x0000000020000474       0x10 X-CUBE-AI/App/my_model.o
 .data.dense_1_output_array
                0x0000000020000484       0x10 X-CUBE-AI/App/my_model.o
 .data.nl_1_output_array
                0x0000000020000494       0x10 X-CUBE-AI/App/my_model.o
 .data.dense_2_output_array
                0x00000000200004a4       0x10 X-CUBE-AI/App/my_model.o
 .data.nl_2_output_array
                0x00000000200004b4       0x10 X-CUBE-AI/App/my_model.o
 .data.dense_3_output_array
                0x00000000200004c4       0x10 X-CUBE-AI/App/my_model.o
 .data.nl_4_output_array
                0x00000000200004d4       0x10 X-CUBE-AI/App/my_model.o
 .data.dense_3_bias
                0x00000000200004e4       0x1c X-CUBE-AI/App/my_model.o
 .data.dense_3_weights
                0x0000000020000500       0x1c X-CUBE-AI/App/my_model.o
 .data.dense_2_bias
                0x000000002000051c       0x1c X-CUBE-AI/App/my_model.o
 .data.dense_2_weights
                0x0000000020000538       0x1c X-CUBE-AI/App/my_model.o
 .data.dense_1_bias
                0x0000000020000554       0x1c X-CUBE-AI/App/my_model.o
 .data.dense_1_weights
                0x0000000020000570       0x1c X-CUBE-AI/App/my_model.o
 .data.flatten_4_input_output
                0x000000002000058c       0x1c X-CUBE-AI/App/my_model.o
 .data.flatten_4_input_output0
                0x00000000200005a8       0x1c X-CUBE-AI/App/my_model.o
 .data.dense_1_output
                0x00000000200005c4       0x1c X-CUBE-AI/App/my_model.o
 .data.nl_1_output
                0x00000000200005e0       0x1c X-CUBE-AI/App/my_model.o
 .data.dense_2_output
                0x00000000200005fc       0x1c X-CUBE-AI/App/my_model.o
 .data.nl_2_output
                0x0000000020000618       0x1c X-CUBE-AI/App/my_model.o
 .data.dense_3_output
                0x0000000020000634       0x1c X-CUBE-AI/App/my_model.o
 .data.nl_4_output
                0x0000000020000650       0x1c X-CUBE-AI/App/my_model.o
 .data.dense_1_layer
                0x000000002000066c       0x18 X-CUBE-AI/App/my_model.o
 .data.nl_1_layer
                0x0000000020000684       0x1c X-CUBE-AI/App/my_model.o
 .data.dense_2_layer
                0x00000000200006a0       0x18 X-CUBE-AI/App/my_model.o
 .data.nl_2_layer
                0x00000000200006b8       0x1c X-CUBE-AI/App/my_model.o
 .data.dense_3_layer
                0x00000000200006d4       0x18 X-CUBE-AI/App/my_model.o
 .data.nl_4_layer
                0x00000000200006ec       0x1c X-CUBE-AI/App/my_model.o
 .data.__compound_literal.0
                0x0000000020000708       0x10 X-CUBE-AI/App/my_model.o
 .data.__compound_literal.1
                0x0000000020000718       0x10 X-CUBE-AI/App/my_model.o
 .data.__compound_literal.2
                0x0000000020000728       0x10 X-CUBE-AI/App/my_model.o
 .data.__compound_literal.3
                0x0000000020000738       0x10 X-CUBE-AI/App/my_model.o
 .data.__compound_literal.4
                0x0000000020000748       0x10 X-CUBE-AI/App/my_model.o
 .data.__compound_literal.5
                0x0000000020000758       0x10 X-CUBE-AI/App/my_model.o
 .data.__compound_literal.6
                0x0000000020000768       0x10 X-CUBE-AI/App/my_model.o
 .data.__compound_literal.7
                0x0000000020000778       0x10 X-CUBE-AI/App/my_model.o
 .data.__compound_literal.8
                0x0000000020000788       0x10 X-CUBE-AI/App/my_model.o
 .data.__compound_literal.9
                0x0000000020000798       0x10 X-CUBE-AI/App/my_model.o
 .data.__compound_literal.10
                0x00000000200007a8       0x10 X-CUBE-AI/App/my_model.o
 .data.__compound_literal.11
                0x00000000200007b8       0x10 X-CUBE-AI/App/my_model.o
 .data.__compound_literal.12
                0x00000000200007c8       0x10 X-CUBE-AI/App/my_model.o
 .data.__compound_literal.13
                0x00000000200007d8       0x10 X-CUBE-AI/App/my_model.o
 .data.__compound_literal.14
                0x00000000200007e8       0x10 X-CUBE-AI/App/my_model.o
 .data.__compound_literal.15
                0x00000000200007f8       0x10 X-CUBE-AI/App/my_model.o
 .data.__compound_literal.16
                0x0000000020000808       0x10 X-CUBE-AI/App/my_model.o
 .data.__compound_literal.17
                0x0000000020000818       0x10 X-CUBE-AI/App/my_model.o
 .data.__compound_literal.18
                0x0000000020000828       0x10 X-CUBE-AI/App/my_model.o
 .data.__compound_literal.19
                0x0000000020000838       0x10 X-CUBE-AI/App/my_model.o
 .data.__compound_literal.20
                0x0000000020000848       0x10 X-CUBE-AI/App/my_model.o
 .data.__compound_literal.21
                0x0000000020000858       0x10 X-CUBE-AI/App/my_model.o
 .data.__compound_literal.22
                0x0000000020000868       0x10 X-CUBE-AI/App/my_model.o
 .data.__compound_literal.23
                0x0000000020000878       0x10 X-CUBE-AI/App/my_model.o
 .data.__compound_literal.24
                0x0000000020000888       0x10 X-CUBE-AI/App/my_model.o
 .data.__compound_literal.25
                0x0000000020000898       0x10 X-CUBE-AI/App/my_model.o
 .data.__compound_literal.26
                0x00000000200008a8       0x10 X-CUBE-AI/App/my_model.o
 .data.__compound_literal.27
                0x00000000200008b8       0x10 X-CUBE-AI/App/my_model.o
 .data.__compound_literal.28
                0x00000000200008c8        0x4 X-CUBE-AI/App/my_model.o
 .data.__compound_literal.29
                0x00000000200008cc        0x4 X-CUBE-AI/App/my_model.o
 .data.__compound_literal.30
                0x00000000200008d0        0x8 X-CUBE-AI/App/my_model.o
 .data.__compound_literal.32
                0x00000000200008d8       0x30 X-CUBE-AI/App/my_model.o
 .data.__compound_literal.33
                0x0000000020000908        0x4 X-CUBE-AI/App/my_model.o
 .data.__compound_literal.34
                0x000000002000090c        0x4 X-CUBE-AI/App/my_model.o
 .data.__compound_literal.37
                0x0000000020000910       0x30 X-CUBE-AI/App/my_model.o
 .data.__compound_literal.38
                0x0000000020000940        0x4 X-CUBE-AI/App/my_model.o
 .data.__compound_literal.39
                0x0000000020000944        0x4 X-CUBE-AI/App/my_model.o
 .data.__compound_literal.40
                0x0000000020000948        0x8 X-CUBE-AI/App/my_model.o
 .data.__compound_literal.42
                0x0000000020000950       0x30 X-CUBE-AI/App/my_model.o
 .data.__compound_literal.43
                0x0000000020000980        0x4 X-CUBE-AI/App/my_model.o
 .data.__compound_literal.44
                0x0000000020000984        0x4 X-CUBE-AI/App/my_model.o
 .data.__compound_literal.47
                0x0000000020000988       0x30 X-CUBE-AI/App/my_model.o
 .data.__compound_literal.48
                0x00000000200009b8        0x4 X-CUBE-AI/App/my_model.o
 .data.__compound_literal.49
                0x00000000200009bc        0x4 X-CUBE-AI/App/my_model.o
 .data.__compound_literal.50
                0x00000000200009c0        0x8 X-CUBE-AI/App/my_model.o
 .data.__compound_literal.52
                0x00000000200009c8       0x30 X-CUBE-AI/App/my_model.o
 .data.__compound_literal.53
                0x00000000200009f8        0x4 X-CUBE-AI/App/my_model.o
 .data.__compound_literal.54
                0x00000000200009fc        0x4 X-CUBE-AI/App/my_model.o
 .data.__compound_literal.57
                0x0000000020000a00       0x30 X-CUBE-AI/App/my_model.o
 .data.__compound_literal.58
                0x0000000020000a30        0x4 X-CUBE-AI/App/my_model.o
 .data.__compound_literal.62
                0x0000000020000a34        0xc X-CUBE-AI/App/my_model.o
 .data.__compound_literal.63
                0x0000000020000a40        0x4 X-CUBE-AI/App/my_model.o
 .data.__compound_literal.67
                0x0000000020000a44        0xc X-CUBE-AI/App/my_model.o
 .data.__compound_literal.68
                0x0000000020000a50       0x18 X-CUBE-AI/App/my_model.o
 .data._impure_ptr
                0x0000000020000a68        0x4 c:/ide/stm32cubeide_1.3.0/stm32cubeide/plugins/com.st.stm32cube.ide.mcu.externaltools.gnu-tools-for-stm32.7-2018-q2-update.win32_1.5.0.202011040924/tools/bin/../lib/gcc/arm-none-eabi/7.3.1/../../../../arm-none-eabi/lib/thumb/v7e-m/fpv4-sp/hard\libc_nano.a(lib_a-impure.o)
                0x0000000020000a68                _impure_ptr
 .data.impure_data
                0x0000000020000a6c       0x60 c:/ide/stm32cubeide_1.3.0/stm32cubeide/plugins/com.st.stm32cube.ide.mcu.externaltools.gnu-tools-for-stm32.7-2018-q2-update.win32_1.5.0.202011040924/tools/bin/../lib/gcc/arm-none-eabi/7.3.1/../../../../arm-none-eabi/lib/thumb/v7e-m/fpv4-sp/hard\libc_nano.a(lib_a-impure.o)
 .data.__fdlib_version
                0x0000000020000acc        0x1 c:/ide/stm32cubeide_1.3.0/stm32cubeide/plugins/com.st.stm32cube.ide.mcu.externaltools.gnu-tools-for-stm32.7-2018-q2-update.win32_1.5.0.202011040924/tools/bin/../lib/gcc/arm-none-eabi/7.3.1/../../../../arm-none-eabi/lib/thumb/v7e-m/fpv4-sp/hard\libm.a(lib_a-s_lib_ver.o)
                0x0000000020000acc                __fdlib_version
 *(.RamFunc)
 *(.RamFunc*)
                0x0000000020000ad0                . = ALIGN (0x4)
 *fill*         0x0000000020000acd        0x3 
                0x0000000020000ad0                _edata = .

.igot.plt       0x0000000020000ad0        0x0 load address 0x0000000008032258
 .igot.plt      0x0000000020000ad0        0x0 c:/ide/stm32cubeide_1.3.0/stm32cubeide/plugins/com.st.stm32cube.ide.mcu.externaltools.gnu-tools-for-stm32.7-2018-q2-update.win32_1.5.0.202011040924/tools/bin/../lib/gcc/arm-none-eabi/7.3.1/thumb/v7e-m/fpv4-sp/hard/crtbegin.o
                0x0000000020000ad0                . = ALIGN (0x4)

.bss            0x0000000020000ad0       0xac load address 0x0000000008032258
                0x0000000020000ad0                _sbss = .
                0x0000000020000ad0                __bss_start__ = _sbss
 *(.bss)
 .bss           0x0000000020000ad0       0x1c c:/ide/stm32cubeide_1.3.0/stm32cubeide/plugins/com.st.stm32cube.ide.mcu.externaltools.gnu-tools-for-stm32.7-2018-q2-update.win32_1.5.0.202011040924/tools/bin/../lib/gcc/arm-none-eabi/7.3.1/thumb/v7e-m/fpv4-sp/hard/crtbegin.o
 *(.bss*)
 .bss.__compound_literal.31
                0x0000000020000aec        0x4 X-CUBE-AI/App/my_model.o
 .bss.__compound_literal.35
                0x0000000020000af0        0x4 X-CUBE-AI/App/my_model.o
 .bss.__compound_literal.36
                0x0000000020000af4        0x4 X-CUBE-AI/App/my_model.o
 .bss.__compound_literal.41
                0x0000000020000af8        0x4 X-CUBE-AI/App/my_model.o
 .bss.__compound_literal.45
                0x0000000020000afc        0x4 X-CUBE-AI/App/my_model.o
 .bss.__compound_literal.46
                0x0000000020000b00        0x4 X-CUBE-AI/App/my_model.o
 .bss.__compound_literal.51
                0x0000000020000b04        0x4 X-CUBE-AI/App/my_model.o
 .bss.__compound_literal.55
                0x0000000020000b08        0x4 X-CUBE-AI/App/my_model.o
 .bss.__compound_literal.56
                0x0000000020000b0c        0x4 X-CUBE-AI/App/my_model.o
 .bss.__compound_literal.59
                0x0000000020000b10       0x18 X-CUBE-AI/App/my_model.o
 .bss.__compound_literal.60
                0x0000000020000b28       0x10 X-CUBE-AI/App/my_model.o
 .bss.__compound_literal.61
                0x0000000020000b38        0x8 X-CUBE-AI/App/my_model.o
 .bss.__compound_literal.64
                0x0000000020000b40       0x18 X-CUBE-AI/App/my_model.o
 .bss.__compound_literal.65
                0x0000000020000b58       0x10 X-CUBE-AI/App/my_model.o
 .bss.__compound_literal.66
                0x0000000020000b68        0x8 X-CUBE-AI/App/my_model.o
 *(COMMON)
 COMMON         0x0000000020000b70        0x8 Core/Src/main.o
                0x0000000020000b70                hcrc
 COMMON         0x0000000020000b78        0x4 Drivers/STM32F4xx_HAL_Driver/Src/stm32f4xx_hal.o
                0x0000000020000b78                uwTick
                0x0000000020000b7c                . = ALIGN (0x4)
                0x0000000020000b7c                _ebss = .
                0x0000000020000b7c                __bss_end__ = _ebss

._user_heap_stack
                0x0000000020000b7c      0xa04 load address 0x0000000008032258
                0x0000000020000b80                . = ALIGN (0x8)
 *fill*         0x0000000020000b7c        0x4 
                [!provide]                        PROVIDE (end = .)
                0x0000000020000b80                PROVIDE (_end = .)
                0x0000000020000d80                . = (. + _Min_Heap_Size)
 *fill*         0x0000000020000b80      0x200 
                0x0000000020001580                . = (. + _Min_Stack_Size)
 *fill*         0x0000000020000d80      0x800 
                0x0000000020001580                . = ALIGN (0x8)

/DISCARD/
 libc.a(*)
 libm.a(*)
 libgcc.a(*)

.ARM.attributes
                0x0000000000000000       0x30
 *(.ARM.attributes)
 .ARM.attributes
                0x0000000000000000       0x22 c:/ide/stm32cubeide_1.3.0/stm32cubeide/plugins/com.st.stm32cube.ide.mcu.externaltools.gnu-tools-for-stm32.7-2018-q2-update.win32_1.5.0.202011040924/tools/bin/../lib/gcc/arm-none-eabi/7.3.1/thumb/v7e-m/fpv4-sp/hard/crti.o
 .ARM.attributes
                0x0000000000000022       0x34 c:/ide/stm32cubeide_1.3.0/stm32cubeide/plugins/com.st.stm32cube.ide.mcu.externaltools.gnu-tools-for-stm32.7-2018-q2-update.win32_1.5.0.202011040924/tools/bin/../lib/gcc/arm-none-eabi/7.3.1/thumb/v7e-m/fpv4-sp/hard/crtbegin.o
 .ARM.attributes
                0x0000000000000056       0x39 Core/Src/main.o
 .ARM.attributes
                0x000000000000008f       0x39 Core/Src/stm32f4xx_hal_msp.o
 .ARM.attributes
                0x00000000000000c8       0x39 Core/Src/stm32f4xx_it.o
 .ARM.attributes
                0x0000000000000101       0x39 Core/Src/system_stm32f4xx.o
 .ARM.attributes
                0x000000000000013a       0x21 Core/Startup/startup_stm32f407vgtx.o
 .ARM.attributes
                0x000000000000015b       0x39 Drivers/STM32F4xx_HAL_Driver/Src/stm32f4xx_hal.o
 .ARM.attributes
                0x0000000000000194       0x39 Drivers/STM32F4xx_HAL_Driver/Src/stm32f4xx_hal_cortex.o
 .ARM.attributes
                0x00000000000001cd       0x39 Drivers/STM32F4xx_HAL_Driver/Src/stm32f4xx_hal_crc.o
 .ARM.attributes
                0x0000000000000206       0x39 Drivers/STM32F4xx_HAL_Driver/Src/stm32f4xx_hal_gpio.o
 .ARM.attributes
                0x000000000000023f       0x39 Drivers/STM32F4xx_HAL_Driver/Src/stm32f4xx_hal_rcc.o
 .ARM.attributes
                0x0000000000000278       0x39 X-CUBE-AI/App/my_model.o
 .ARM.attributes
                0x00000000000002b1       0x39 X-CUBE-AI/App/my_model_data.o
 .ARM.attributes
                0x00000000000002ea       0x35 ../Middlewares/ST/AI/Lib\NetworkRuntime520_CM4_GCC.a(ai_platform_interface.o)
 .ARM.attributes
                0x000000000000031f       0x35 ../Middlewares/ST/AI/Lib\NetworkRuntime520_CM4_GCC.a(core_common.o)
 .ARM.attributes
                0x0000000000000354       0x35 ../Middlewares/ST/AI/Lib\NetworkRuntime520_CM4_GCC.a(layers_conv2d_generic_float.o)
 .ARM.attributes
                0x0000000000000389       0x35 ../Middlewares/ST/AI/Lib\NetworkRuntime520_CM4_GCC.a(layers_nl_generic_float.o)
 .ARM.attributes
                0x00000000000003be       0x35 ../Middlewares/ST/AI/Lib\NetworkRuntime520_CM4_GCC.a(layers.o)
 .ARM.attributes
                0x00000000000003f3       0x35 ../Middlewares/ST/AI/Lib\NetworkRuntime520_CM4_GCC.a(ai_datatypes_format.o)
 .ARM.attributes
                0x0000000000000428       0x34 c:/ide/stm32cubeide_1.3.0/stm32cubeide/plugins/com.st.stm32cube.ide.mcu.externaltools.gnu-tools-for-stm32.7-2018-q2-update.win32_1.5.0.202011040924/tools/bin/../lib/gcc/arm-none-eabi/7.3.1/../../../../arm-none-eabi/lib/thumb/v7e-m/fpv4-sp/hard\libc_nano.a(lib_a-errno.o)
 .ARM.attributes
                0x000000000000045c       0x34 c:/ide/stm32cubeide_1.3.0/stm32cubeide/plugins/com.st.stm32cube.ide.mcu.externaltools.gnu-tools-for-stm32.7-2018-q2-update.win32_1.5.0.202011040924/tools/bin/../lib/gcc/arm-none-eabi/7.3.1/../../../../arm-none-eabi/lib/thumb/v7e-m/fpv4-sp/hard\libc_nano.a(lib_a-impure.o)
 .ARM.attributes
                0x0000000000000490       0x34 c:/ide/stm32cubeide_1.3.0/stm32cubeide/plugins/com.st.stm32cube.ide.mcu.externaltools.gnu-tools-for-stm32.7-2018-q2-update.win32_1.5.0.202011040924/tools/bin/../lib/gcc/arm-none-eabi/7.3.1/../../../../arm-none-eabi/lib/thumb/v7e-m/fpv4-sp/hard\libc_nano.a(lib_a-init.o)
 .ARM.attributes
                0x00000000000004c4       0x34 c:/ide/stm32cubeide_1.3.0/stm32cubeide/plugins/com.st.stm32cube.ide.mcu.externaltools.gnu-tools-for-stm32.7-2018-q2-update.win32_1.5.0.202011040924/tools/bin/../lib/gcc/arm-none-eabi/7.3.1/../../../../arm-none-eabi/lib/thumb/v7e-m/fpv4-sp/hard\libc_nano.a(lib_a-memcpy-stub.o)
 .ARM.attributes
                0x00000000000004f8       0x34 c:/ide/stm32cubeide_1.3.0/stm32cubeide/plugins/com.st.stm32cube.ide.mcu.externaltools.gnu-tools-for-stm32.7-2018-q2-update.win32_1.5.0.202011040924/tools/bin/../lib/gcc/arm-none-eabi/7.3.1/../../../../arm-none-eabi/lib/thumb/v7e-m/fpv4-sp/hard\libc_nano.a(lib_a-memset.o)
 .ARM.attributes
                0x000000000000052c       0x34 c:/ide/stm32cubeide_1.3.0/stm32cubeide/plugins/com.st.stm32cube.ide.mcu.externaltools.gnu-tools-for-stm32.7-2018-q2-update.win32_1.5.0.202011040924/tools/bin/../lib/gcc/arm-none-eabi/7.3.1/../../../../arm-none-eabi/lib/thumb/v7e-m/fpv4-sp/hard\libm.a(lib_a-wf_exp.o)
 .ARM.attributes
                0x0000000000000560       0x34 c:/ide/stm32cubeide_1.3.0/stm32cubeide/plugins/com.st.stm32cube.ide.mcu.externaltools.gnu-tools-for-stm32.7-2018-q2-update.win32_1.5.0.202011040924/tools/bin/../lib/gcc/arm-none-eabi/7.3.1/../../../../arm-none-eabi/lib/thumb/v7e-m/fpv4-sp/hard\libm.a(lib_a-ef_exp.o)
 .ARM.attributes
                0x0000000000000594       0x34 c:/ide/stm32cubeide_1.3.0/stm32cubeide/plugins/com.st.stm32cube.ide.mcu.externaltools.gnu-tools-for-stm32.7-2018-q2-update.win32_1.5.0.202011040924/tools/bin/../lib/gcc/arm-none-eabi/7.3.1/../../../../arm-none-eabi/lib/thumb/v7e-m/fpv4-sp/hard\libm.a(lib_a-s_lib_ver.o)
 .ARM.attributes
                0x00000000000005c8       0x34 c:/ide/stm32cubeide_1.3.0/stm32cubeide/plugins/com.st.stm32cube.ide.mcu.externaltools.gnu-tools-for-stm32.7-2018-q2-update.win32_1.5.0.202011040924/tools/bin/../lib/gcc/arm-none-eabi/7.3.1/../../../../arm-none-eabi/lib/thumb/v7e-m/fpv4-sp/hard\libm.a(lib_a-s_matherr.o)
 .ARM.attributes
                0x00000000000005fc       0x34 c:/ide/stm32cubeide_1.3.0/stm32cubeide/plugins/com.st.stm32cube.ide.mcu.externaltools.gnu-tools-for-stm32.7-2018-q2-update.win32_1.5.0.202011040924/tools/bin/../lib/gcc/arm-none-eabi/7.3.1/../../../../arm-none-eabi/lib/thumb/v7e-m/fpv4-sp/hard\libm.a(lib_a-sf_finite.o)
 .ARM.attributes
                0x0000000000000630       0x22 c:/ide/stm32cubeide_1.3.0/stm32cubeide/plugins/com.st.stm32cube.ide.mcu.externaltools.gnu-tools-for-stm32.7-2018-q2-update.win32_1.5.0.202011040924/tools/bin/../lib/gcc/arm-none-eabi/7.3.1/thumb/v7e-m/fpv4-sp/hard\libgcc.a(_arm_addsubdf3.o)
 .ARM.attributes
                0x0000000000000652       0x22 c:/ide/stm32cubeide_1.3.0/stm32cubeide/plugins/com.st.stm32cube.ide.mcu.externaltools.gnu-tools-for-stm32.7-2018-q2-update.win32_1.5.0.202011040924/tools/bin/../lib/gcc/arm-none-eabi/7.3.1/thumb/v7e-m/fpv4-sp/hard\libgcc.a(_arm_truncdfsf2.o)
 .ARM.attributes
                0x0000000000000674       0x22 c:/ide/stm32cubeide_1.3.0/stm32cubeide/plugins/com.st.stm32cube.ide.mcu.externaltools.gnu-tools-for-stm32.7-2018-q2-update.win32_1.5.0.202011040924/tools/bin/../lib/gcc/arm-none-eabi/7.3.1/thumb/v7e-m/fpv4-sp/hard\libgcc.a(_aeabi_uldivmod.o)
 .ARM.attributes
                0x0000000000000696       0x34 c:/ide/stm32cubeide_1.3.0/stm32cubeide/plugins/com.st.stm32cube.ide.mcu.externaltools.gnu-tools-for-stm32.7-2018-q2-update.win32_1.5.0.202011040924/tools/bin/../lib/gcc/arm-none-eabi/7.3.1/thumb/v7e-m/fpv4-sp/hard\libgcc.a(_udivmoddi4.o)
 .ARM.attributes
                0x00000000000006ca       0x22 c:/ide/stm32cubeide_1.3.0/stm32cubeide/plugins/com.st.stm32cube.ide.mcu.externaltools.gnu-tools-for-stm32.7-2018-q2-update.win32_1.5.0.202011040924/tools/bin/../lib/gcc/arm-none-eabi/7.3.1/thumb/v7e-m/fpv4-sp/hard\libgcc.a(_dvmd_tls.o)
 .ARM.attributes
                0x00000000000006ec       0x22 c:/ide/stm32cubeide_1.3.0/stm32cubeide/plugins/com.st.stm32cube.ide.mcu.externaltools.gnu-tools-for-stm32.7-2018-q2-update.win32_1.5.0.202011040924/tools/bin/../lib/gcc/arm-none-eabi/7.3.1/thumb/v7e-m/fpv4-sp/hard/crtn.o
OUTPUT(Final_Micro_Project.elf elf32-littlearm)

.debug_info     0x0000000000000000     0x6c53
 .debug_info    0x0000000000000000     0x1748 Core/Src/main.o
 .debug_info    0x0000000000001748      0x4d7 Core/Src/stm32f4xx_hal_msp.o
 .debug_info    0x0000000000001c1f      0x20a Core/Src/stm32f4xx_it.o
 .debug_info    0x0000000000001e29      0x554 Core/Src/system_stm32f4xx.o
 .debug_info    0x000000000000237d       0x22 Core/Startup/startup_stm32f407vgtx.o
 .debug_info    0x000000000000239f      0x945 Drivers/STM32F4xx_HAL_Driver/Src/stm32f4xx_hal.o
 .debug_info    0x0000000000002ce4      0xe28 Drivers/STM32F4xx_HAL_Driver/Src/stm32f4xx_hal_cortex.o
 .debug_info    0x0000000000003b0c      0x441 Drivers/STM32F4xx_HAL_Driver/Src/stm32f4xx_hal_crc.o
 .debug_info    0x0000000000003f4d      0x7b5 Drivers/STM32F4xx_HAL_Driver/Src/stm32f4xx_hal_gpio.o
 .debug_info    0x0000000000004702      0x904 Drivers/STM32F4xx_HAL_Driver/Src/stm32f4xx_hal_rcc.o
 .debug_info    0x0000000000005006     0x1b41 X-CUBE-AI/App/my_model.o
 .debug_info    0x0000000000006b47      0x10c X-CUBE-AI/App/my_model_data.o

.debug_abbrev   0x0000000000000000     0x1419
 .debug_abbrev  0x0000000000000000      0x2dc Core/Src/main.o
 .debug_abbrev  0x00000000000002dc      0x157 Core/Src/stm32f4xx_hal_msp.o
 .debug_abbrev  0x0000000000000433       0xc6 Core/Src/stm32f4xx_it.o
 .debug_abbrev  0x00000000000004f9      0x12b Core/Src/system_stm32f4xx.o
 .debug_abbrev  0x0000000000000624       0x12 Core/Startup/startup_stm32f407vgtx.o
 .debug_abbrev  0x0000000000000636      0x1c7 Drivers/STM32F4xx_HAL_Driver/Src/stm32f4xx_hal.o
 .debug_abbrev  0x00000000000007fd      0x2fa Drivers/STM32F4xx_HAL_Driver/Src/stm32f4xx_hal_cortex.o
 .debug_abbrev  0x0000000000000af7      0x1b7 Drivers/STM32F4xx_HAL_Driver/Src/stm32f4xx_hal_crc.o
 .debug_abbrev  0x0000000000000cae      0x1c9 Drivers/STM32F4xx_HAL_Driver/Src/stm32f4xx_hal_gpio.o
 .debug_abbrev  0x0000000000000e77      0x245 Drivers/STM32F4xx_HAL_Driver/Src/stm32f4xx_hal_rcc.o
 .debug_abbrev  0x00000000000010bc      0x2c8 X-CUBE-AI/App/my_model.o
 .debug_abbrev  0x0000000000001384       0x95 X-CUBE-AI/App/my_model_data.o

.debug_aranges  0x0000000000000000      0x4d8
 .debug_aranges
                0x0000000000000000       0x40 Core/Src/main.o
 .debug_aranges
                0x0000000000000040       0x30 Core/Src/stm32f4xx_hal_msp.o
 .debug_aranges
                0x0000000000000070       0x60 Core/Src/stm32f4xx_it.o
 .debug_aranges
                0x00000000000000d0       0x28 Core/Src/system_stm32f4xx.o
 .debug_aranges
                0x00000000000000f8       0x28 Core/Startup/startup_stm32f407vgtx.o
 .debug_aranges
                0x0000000000000120       0xf0 Drivers/STM32F4xx_HAL_Driver/Src/stm32f4xx_hal.o
 .debug_aranges
                0x0000000000000210      0x118 Drivers/STM32F4xx_HAL_Driver/Src/stm32f4xx_hal_cortex.o
 .debug_aranges
                0x0000000000000328       0x50 Drivers/STM32F4xx_HAL_Driver/Src/stm32f4xx_hal_crc.o
 .debug_aranges
                0x0000000000000378       0x58 Drivers/STM32F4xx_HAL_Driver/Src/stm32f4xx_hal_gpio.o
 .debug_aranges
                0x00000000000003d0       0x88 Drivers/STM32F4xx_HAL_Driver/Src/stm32f4xx_hal_rcc.o
 .debug_aranges
                0x0000000000000458       0x60 X-CUBE-AI/App/my_model.o
 .debug_aranges
                0x00000000000004b8       0x20 X-CUBE-AI/App/my_model_data.o

.debug_ranges   0x0000000000000000      0x420
 .debug_ranges  0x0000000000000000       0x30 Core/Src/main.o
 .debug_ranges  0x0000000000000030       0x20 Core/Src/stm32f4xx_hal_msp.o
 .debug_ranges  0x0000000000000050       0x50 Core/Src/stm32f4xx_it.o
 .debug_ranges  0x00000000000000a0       0x18 Core/Src/system_stm32f4xx.o
 .debug_ranges  0x00000000000000b8       0x20 Core/Startup/startup_stm32f407vgtx.o
 .debug_ranges  0x00000000000000d8       0xe0 Drivers/STM32F4xx_HAL_Driver/Src/stm32f4xx_hal.o
 .debug_ranges  0x00000000000001b8      0x108 Drivers/STM32F4xx_HAL_Driver/Src/stm32f4xx_hal_cortex.o
 .debug_ranges  0x00000000000002c0       0x40 Drivers/STM32F4xx_HAL_Driver/Src/stm32f4xx_hal_crc.o
 .debug_ranges  0x0000000000000300       0x48 Drivers/STM32F4xx_HAL_Driver/Src/stm32f4xx_hal_gpio.o
 .debug_ranges  0x0000000000000348       0x78 Drivers/STM32F4xx_HAL_Driver/Src/stm32f4xx_hal_rcc.o
 .debug_ranges  0x00000000000003c0       0x50 X-CUBE-AI/App/my_model.o
 .debug_ranges  0x0000000000000410       0x10 X-CUBE-AI/App/my_model_data.o

.debug_macro    0x0000000000000000    0x214ac
 .debug_macro   0x0000000000000000      0x42c Core/Src/main.o
 .debug_macro   0x000000000000042c      0xa5a Core/Src/main.o
 .debug_macro   0x0000000000000e86      0x28e Core/Src/main.o
 .debug_macro   0x0000000000001114       0x2e Core/Src/main.o
 .debug_macro   0x0000000000001142       0x2f Core/Src/main.o
 .debug_macro   0x0000000000001171       0x22 Core/Src/main.o
 .debug_macro   0x0000000000001193       0x8e Core/Src/main.o
 .debug_macro   0x0000000000001221       0x51 Core/Src/main.o
 .debug_macro   0x0000000000001272       0xef Core/Src/main.o
 .debug_macro   0x0000000000001361       0x6a Core/Src/main.o
 .debug_macro   0x00000000000013cb      0x1df Core/Src/main.o
 .debug_macro   0x00000000000015aa       0x1c Core/Src/main.o
 .debug_macro   0x00000000000015c6       0x22 Core/Src/main.o
 .debug_macro   0x00000000000015e8       0xdf Core/Src/main.o
 .debug_macro   0x00000000000016c7     0x102d Core/Src/main.o
 .debug_macro   0x00000000000026f4      0x11f Core/Src/main.o
 .debug_macro   0x0000000000002813    0x15e3c Core/Src/main.o
 .debug_macro   0x000000000001864f       0x43 Core/Src/main.o
 .debug_macro   0x0000000000018692     0x3659 Core/Src/main.o
 .debug_macro   0x000000000001bceb      0x174 Core/Src/main.o
 .debug_macro   0x000000000001be5f       0x5a Core/Src/main.o
 .debug_macro   0x000000000001beb9      0x96b Core/Src/main.o
 .debug_macro   0x000000000001c824      0x9fe Core/Src/main.o
 .debug_macro   0x000000000001d222      0x117 Core/Src/main.o
 .debug_macro   0x000000000001d339      0x13e Core/Src/main.o
 .debug_macro   0x000000000001d477       0x27 Core/Src/main.o
 .debug_macro   0x000000000001d49e      0x174 Core/Src/main.o
 .debug_macro   0x000000000001d612      0x287 Core/Src/main.o
 .debug_macro   0x000000000001d899       0x5f Core/Src/main.o
 .debug_macro   0x000000000001d8f8      0x236 Core/Src/main.o
 .debug_macro   0x000000000001db2e       0x22 Core/Src/main.o
 .debug_macro   0x000000000001db50      0x12c Core/Src/main.o
 .debug_macro   0x000000000001dc7c      0x21e Core/Src/main.o
 .debug_macro   0x000000000001de9a       0x2e Core/Src/main.o
 .debug_macro   0x000000000001dec8      0x11a Core/Src/main.o
 .debug_macro   0x000000000001dfe2       0x7e Core/Src/main.o
 .debug_macro   0x000000000001e060       0x89 Core/Src/main.o
 .debug_macro   0x000000000001e0e9      0x12d Core/Src/main.o
 .debug_macro   0x000000000001e216       0x28 Core/Src/main.o
 .debug_macro   0x000000000001e23e       0x46 Core/Src/main.o
 .debug_macro   0x000000000001e284       0x18 Core/Src/main.o
 .debug_macro   0x000000000001e29c       0x3c Core/Src/main.o
 .debug_macro   0x000000000001e2d8       0x34 Core/Src/main.o
 .debug_macro   0x000000000001e30c       0x16 Core/Src/main.o
 .debug_macro   0x000000000001e322       0x35 Core/Src/main.o
 .debug_macro   0x000000000001e357      0x32a Core/Src/main.o
 .debug_macro   0x000000000001e681       0x10 Core/Src/main.o
 .debug_macro   0x000000000001e691       0x52 Core/Src/main.o
 .debug_macro   0x000000000001e6e3       0x1f Core/Src/main.o
 .debug_macro   0x000000000001e702       0x43 Core/Src/main.o
 .debug_macro   0x000000000001e745       0x20 Core/Src/main.o
 .debug_macro   0x000000000001e765      0x1a3 Core/Src/main.o
 .debug_macro   0x000000000001e908       0x10 Core/Src/main.o
 .debug_macro   0x000000000001e918       0x1c Core/Src/main.o
 .debug_macro   0x000000000001e934       0x52 Core/Src/main.o
 .debug_macro   0x000000000001e986       0x40 Core/Src/main.o
 .debug_macro   0x000000000001e9c6       0x10 Core/Src/main.o
 .debug_macro   0x000000000001e9d6       0x40 Core/Src/main.o
 .debug_macro   0x000000000001ea16       0xd7 Core/Src/main.o
 .debug_macro   0x000000000001eaed       0x1c Core/Src/main.o
 .debug_macro   0x000000000001eb09       0x3d Core/Src/main.o
 .debug_macro   0x000000000001eb46       0x16 Core/Src/main.o
 .debug_macro   0x000000000001eb5c      0x145 Core/Src/main.o
 .debug_macro   0x000000000001eca1       0x16 Core/Src/main.o
 .debug_macro   0x000000000001ecb7       0x16 Core/Src/main.o
 .debug_macro   0x000000000001eccd       0x29 Core/Src/main.o
 .debug_macro   0x000000000001ecf6       0x10 Core/Src/main.o
 .debug_macro   0x000000000001ed06      0x460 Core/Src/main.o
 .debug_macro   0x000000000001f166       0x16 Core/Src/main.o
 .debug_macro   0x000000000001f17c       0x22 Core/Src/main.o
 .debug_macro   0x000000000001f19e      0x1ba Core/Src/main.o
 .debug_macro   0x000000000001f358       0xc6 Core/Src/main.o
 .debug_macro   0x000000000001f41e       0x16 Core/Src/main.o
 .debug_macro   0x000000000001f434       0x34 Core/Src/main.o
 .debug_macro   0x000000000001f468      0x201 Core/Src/main.o
 .debug_macro   0x000000000001f669       0x2e Core/Src/main.o
 .debug_macro   0x000000000001f697      0x259 Core/Src/main.o
 .debug_macro   0x000000000001f8f0       0x52 Core/Src/main.o
 .debug_macro   0x000000000001f942       0x28 Core/Src/main.o
 .debug_macro   0x000000000001f96a       0x16 Core/Src/main.o
 .debug_macro   0x000000000001f980       0x20 Core/Src/main.o
 .debug_macro   0x000000000001f9a0      0x1c9 Core/Src/stm32f4xx_hal_msp.o
 .debug_macro   0x000000000001fb69      0x1d3 Core/Src/stm32f4xx_it.o
 .debug_macro   0x000000000001fd3c      0x1c0 Core/Src/system_stm32f4xx.o
 .debug_macro   0x000000000001fefc      0x21a Drivers/STM32F4xx_HAL_Driver/Src/stm32f4xx_hal.o
 .debug_macro   0x0000000000020116      0x1ba Drivers/STM32F4xx_HAL_Driver/Src/stm32f4xx_hal_cortex.o
 .debug_macro   0x00000000000202d0      0x1ba Drivers/STM32F4xx_HAL_Driver/Src/stm32f4xx_hal_crc.o
 .debug_macro   0x000000000002048a      0x1f0 Drivers/STM32F4xx_HAL_Driver/Src/stm32f4xx_hal_gpio.o
 .debug_macro   0x000000000002067a      0x1de Drivers/STM32F4xx_HAL_Driver/Src/stm32f4xx_hal_rcc.o
 .debug_macro   0x0000000000020858      0x394 X-CUBE-AI/App/my_model.o
 .debug_macro   0x0000000000020bec       0x3a X-CUBE-AI/App/my_model.o
 .debug_macro   0x0000000000020c26       0xcc X-CUBE-AI/App/my_model.o
 .debug_macro   0x0000000000020cf2      0x1e1 X-CUBE-AI/App/my_model.o
 .debug_macro   0x0000000000020ed3      0x161 X-CUBE-AI/App/my_model.o
 .debug_macro   0x0000000000021034      0x171 X-CUBE-AI/App/my_model.o
 .debug_macro   0x00000000000211a5       0x64 X-CUBE-AI/App/my_model.o
 .debug_macro   0x0000000000021209      0x10c X-CUBE-AI/App/my_model.o
 .debug_macro   0x0000000000021315       0x16 X-CUBE-AI/App/my_model.o
 .debug_macro   0x000000000002132b       0x64 X-CUBE-AI/App/my_model.o
 .debug_macro   0x000000000002138f       0x11 X-CUBE-AI/App/my_model.o
 .debug_macro   0x00000000000213a0       0xea X-CUBE-AI/App/my_model_data.o
 .debug_macro   0x000000000002148a       0x22 X-CUBE-AI/App/my_model_data.o

.debug_line     0x0000000000000000     0x57f1
 .debug_line    0x0000000000000000      0xac8 Core/Src/main.o
 .debug_line    0x0000000000000ac8      0x6ba Core/Src/stm32f4xx_hal_msp.o
 .debug_line    0x0000000000001182      0x73b Core/Src/stm32f4xx_it.o
 .debug_line    0x00000000000018bd      0x6ae Core/Src/system_stm32f4xx.o
 .debug_line    0x0000000000001f6b       0x85 Core/Startup/startup_stm32f407vgtx.o
 .debug_line    0x0000000000001ff0      0x898 Drivers/STM32F4xx_HAL_Driver/Src/stm32f4xx_hal.o
 .debug_line    0x0000000000002888      0x9bc Drivers/STM32F4xx_HAL_Driver/Src/stm32f4xx_hal_cortex.o
 .debug_line    0x0000000000003244      0x747 Drivers/STM32F4xx_HAL_Driver/Src/stm32f4xx_hal_crc.o
 .debug_line    0x000000000000398b      0x877 Drivers/STM32F4xx_HAL_Driver/Src/stm32f4xx_hal_gpio.o
 .debug_line    0x0000000000004202      0x8f0 Drivers/STM32F4xx_HAL_Driver/Src/stm32f4xx_hal_rcc.o
 .debug_line    0x0000000000004af2      0x80c X-CUBE-AI/App/my_model.o
 .debug_line    0x00000000000052fe      0x4f3 X-CUBE-AI/App/my_model_data.o

.debug_str      0x0000000000000000    0xcb3c8
 .debug_str     0x0000000000000000    0xc5095 Core/Src/main.o
                                      0xc5431 (size before relaxing)
 .debug_str     0x00000000000c5095       0x4e Core/Src/stm32f4xx_hal_msp.o
                                      0xba481 (size before relaxing)
 .debug_str     0x00000000000c50e3       0xbd Core/Src/stm32f4xx_it.o
                                      0xba300 (size before relaxing)
 .debug_str     0x00000000000c51a0       0xc4 Core/Src/system_stm32f4xx.o
                                      0xba35b (size before relaxing)
 .debug_str     0x00000000000c5264       0x36 Core/Startup/startup_stm32f407vgtx.o
                                         0x91 (size before relaxing)
 .debug_str     0x00000000000c529a      0xa5e Drivers/STM32F4xx_HAL_Driver/Src/stm32f4xx_hal.o
                                      0xbae28 (size before relaxing)
 .debug_str     0x00000000000c5cf8      0x3a5 Drivers/STM32F4xx_HAL_Driver/Src/stm32f4xx_hal_cortex.o
                                      0xbac17 (size before relaxing)
 .debug_str     0x00000000000c609d       0xaa Drivers/STM32F4xx_HAL_Driver/Src/stm32f4xx_hal_crc.o
                                      0xba3a0 (size before relaxing)
 .debug_str     0x00000000000c6147      0x207 Drivers/STM32F4xx_HAL_Driver/Src/stm32f4xx_hal_gpio.o
                                      0xba59a (size before relaxing)
 .debug_str     0x00000000000c634e      0x259 Drivers/STM32F4xx_HAL_Driver/Src/stm32f4xx_hal_rcc.o
                                      0xba748 (size before relaxing)
 .debug_str     0x00000000000c65a7     0x4dd0 X-CUBE-AI/App/my_model.o
                                      0x125fe (size before relaxing)
 .debug_str     0x00000000000cb377       0x51 X-CUBE-AI/App/my_model_data.o
                                       0x672c (size before relaxing)

.comment        0x0000000000000000       0x7b
 .comment       0x0000000000000000       0x7b Core/Src/main.o
                                         0x7c (size before relaxing)
 .comment       0x000000000000007b       0x7c Core/Src/stm32f4xx_hal_msp.o
 .comment       0x000000000000007b       0x7c Core/Src/stm32f4xx_it.o
 .comment       0x000000000000007b       0x7c Core/Src/system_stm32f4xx.o
 .comment       0x000000000000007b       0x7c Drivers/STM32F4xx_HAL_Driver/Src/stm32f4xx_hal.o
 .comment       0x000000000000007b       0x7c Drivers/STM32F4xx_HAL_Driver/Src/stm32f4xx_hal_cortex.o
 .comment       0x000000000000007b       0x7c Drivers/STM32F4xx_HAL_Driver/Src/stm32f4xx_hal_crc.o
 .comment       0x000000000000007b       0x7c Drivers/STM32F4xx_HAL_Driver/Src/stm32f4xx_hal_gpio.o
 .comment       0x000000000000007b       0x7c Drivers/STM32F4xx_HAL_Driver/Src/stm32f4xx_hal_rcc.o
 .comment       0x000000000000007b       0x7c X-CUBE-AI/App/my_model.o
 .comment       0x000000000000007b       0x7c X-CUBE-AI/App/my_model_data.o
 .comment       0x000000000000007b       0x7c ../Middlewares/ST/AI/Lib\NetworkRuntime520_CM4_GCC.a(ai_platform_interface.o)
 .comment       0x000000000000007b       0x7c ../Middlewares/ST/AI/Lib\NetworkRuntime520_CM4_GCC.a(core_common.o)
 .comment       0x000000000000007b       0x7c ../Middlewares/ST/AI/Lib\NetworkRuntime520_CM4_GCC.a(layers_conv2d_generic_float.o)
 .comment       0x000000000000007b       0x7c ../Middlewares/ST/AI/Lib\NetworkRuntime520_CM4_GCC.a(layers_nl_generic_float.o)
 .comment       0x000000000000007b       0x7c ../Middlewares/ST/AI/Lib\NetworkRuntime520_CM4_GCC.a(layers.o)
 .comment       0x000000000000007b       0x7c ../Middlewares/ST/AI/Lib\NetworkRuntime520_CM4_GCC.a(ai_datatypes_format.o)

.debug_frame    0x0000000000000000     0x12f0
 .debug_frame   0x0000000000000000       0xb0 Core/Src/main.o
 .debug_frame   0x00000000000000b0       0x84 Core/Src/stm32f4xx_hal_msp.o
 .debug_frame   0x0000000000000134      0x104 Core/Src/stm32f4xx_it.o
 .debug_frame   0x0000000000000238       0x58 Core/Src/system_stm32f4xx.o
 .debug_frame   0x0000000000000290      0x374 Drivers/STM32F4xx_HAL_Driver/Src/stm32f4xx_hal.o
 .debug_frame   0x0000000000000604      0x498 Drivers/STM32F4xx_HAL_Driver/Src/stm32f4xx_hal_cortex.o
 .debug_frame   0x0000000000000a9c      0x120 Drivers/STM32F4xx_HAL_Driver/Src/stm32f4xx_hal_crc.o
 .debug_frame   0x0000000000000bbc      0x14c Drivers/STM32F4xx_HAL_Driver/Src/stm32f4xx_hal_gpio.o
 .debug_frame   0x0000000000000d08      0x1f0 Drivers/STM32F4xx_HAL_Driver/Src/stm32f4xx_hal_rcc.o
 .debug_frame   0x0000000000000ef8      0x160 X-CUBE-AI/App/my_model.o
 .debug_frame   0x0000000000001058       0x30 X-CUBE-AI/App/my_model_data.o
 .debug_frame   0x0000000000001088       0x20 c:/ide/stm32cubeide_1.3.0/stm32cubeide/plugins/com.st.stm32cube.ide.mcu.externaltools.gnu-tools-for-stm32.7-2018-q2-update.win32_1.5.0.202011040924/tools/bin/../lib/gcc/arm-none-eabi/7.3.1/../../../../arm-none-eabi/lib/thumb/v7e-m/fpv4-sp/hard\libc_nano.a(lib_a-errno.o)
 .debug_frame   0x00000000000010a8       0x2c c:/ide/stm32cubeide_1.3.0/stm32cubeide/plugins/com.st.stm32cube.ide.mcu.externaltools.gnu-tools-for-stm32.7-2018-q2-update.win32_1.5.0.202011040924/tools/bin/../lib/gcc/arm-none-eabi/7.3.1/../../../../arm-none-eabi/lib/thumb/v7e-m/fpv4-sp/hard\libc_nano.a(lib_a-init.o)
 .debug_frame   0x00000000000010d4       0x28 c:/ide/stm32cubeide_1.3.0/stm32cubeide/plugins/com.st.stm32cube.ide.mcu.externaltools.gnu-tools-for-stm32.7-2018-q2-update.win32_1.5.0.202011040924/tools/bin/../lib/gcc/arm-none-eabi/7.3.1/../../../../arm-none-eabi/lib/thumb/v7e-m/fpv4-sp/hard\libc_nano.a(lib_a-memcpy-stub.o)
 .debug_frame   0x00000000000010fc       0x20 c:/ide/stm32cubeide_1.3.0/stm32cubeide/plugins/com.st.stm32cube.ide.mcu.externaltools.gnu-tools-for-stm32.7-2018-q2-update.win32_1.5.0.202011040924/tools/bin/../lib/gcc/arm-none-eabi/7.3.1/../../../../arm-none-eabi/lib/thumb/v7e-m/fpv4-sp/hard\libc_nano.a(lib_a-memset.o)
 .debug_frame   0x000000000000111c       0x44 c:/ide/stm32cubeide_1.3.0/stm32cubeide/plugins/com.st.stm32cube.ide.mcu.externaltools.gnu-tools-for-stm32.7-2018-q2-update.win32_1.5.0.202011040924/tools/bin/../lib/gcc/arm-none-eabi/7.3.1/../../../../arm-none-eabi/lib/thumb/v7e-m/fpv4-sp/hard\libm.a(lib_a-wf_exp.o)
 .debug_frame   0x0000000000001160       0x20 c:/ide/stm32cubeide_1.3.0/stm32cubeide/plugins/com.st.stm32cube.ide.mcu.externaltools.gnu-tools-for-stm32.7-2018-q2-update.win32_1.5.0.202011040924/tools/bin/../lib/gcc/arm-none-eabi/7.3.1/../../../../arm-none-eabi/lib/thumb/v7e-m/fpv4-sp/hard\libm.a(lib_a-ef_exp.o)
 .debug_frame   0x0000000000001180       0x20 c:/ide/stm32cubeide_1.3.0/stm32cubeide/plugins/com.st.stm32cube.ide.mcu.externaltools.gnu-tools-for-stm32.7-2018-q2-update.win32_1.5.0.202011040924/tools/bin/../lib/gcc/arm-none-eabi/7.3.1/../../../../arm-none-eabi/lib/thumb/v7e-m/fpv4-sp/hard\libm.a(lib_a-s_matherr.o)
 .debug_frame   0x00000000000011a0       0x20 c:/ide/stm32cubeide_1.3.0/stm32cubeide/plugins/com.st.stm32cube.ide.mcu.externaltools.gnu-tools-for-stm32.7-2018-q2-update.win32_1.5.0.202011040924/tools/bin/../lib/gcc/arm-none-eabi/7.3.1/../../../../arm-none-eabi/lib/thumb/v7e-m/fpv4-sp/hard\libm.a(lib_a-sf_finite.o)
 .debug_frame   0x00000000000011c0       0xac c:/ide/stm32cubeide_1.3.0/stm32cubeide/plugins/com.st.stm32cube.ide.mcu.externaltools.gnu-tools-for-stm32.7-2018-q2-update.win32_1.5.0.202011040924/tools/bin/../lib/gcc/arm-none-eabi/7.3.1/thumb/v7e-m/fpv4-sp/hard\libgcc.a(_arm_addsubdf3.o)
 .debug_frame   0x000000000000126c       0x24 c:/ide/stm32cubeide_1.3.0/stm32cubeide/plugins/com.st.stm32cube.ide.mcu.externaltools.gnu-tools-for-stm32.7-2018-q2-update.win32_1.5.0.202011040924/tools/bin/../lib/gcc/arm-none-eabi/7.3.1/thumb/v7e-m/fpv4-sp/hard\libgcc.a(_arm_truncdfsf2.o)
 .debug_frame   0x0000000000001290       0x2c c:/ide/stm32cubeide_1.3.0/stm32cubeide/plugins/com.st.stm32cube.ide.mcu.externaltools.gnu-tools-for-stm32.7-2018-q2-update.win32_1.5.0.202011040924/tools/bin/../lib/gcc/arm-none-eabi/7.3.1/thumb/v7e-m/fpv4-sp/hard\libgcc.a(_aeabi_uldivmod.o)
 .debug_frame   0x00000000000012bc       0x34 c:/ide/stm32cubeide_1.3.0/stm32cubeide/plugins/com.st.stm32cube.ide.mcu.externaltools.gnu-tools-for-stm32.7-2018-q2-update.win32_1.5.0.202011040924/tools/bin/../lib/gcc/arm-none-eabi/7.3.1/thumb/v7e-m/fpv4-sp/hard\libgcc.a(_udivmoddi4.o)
